============================= test session starts =============================
platform win32 -- Python 3.12.10, pytest-9.1.1, pluggy-1.6.0
rootdir: e:\autonovel
configfile: pytest.ini
testpaths: tests
plugins: anyio-4.15.1, hypothesis-6.168.4, platformdirs-4.12.3, asyncio-1.4.0, cov-7.1.0, timeout-2.4.0, xdist-3.8.0
asyncio: mode=Mode.AUTO, debug=False, asyncio_default_fixture_loop_scope=None, asyncio_default_test_loop_scope=function
collected 9726 items / 1 skipped

tests\api\test_easy_mode_security_guards.py ...                          [  0%]
tests\api\test_error_handler.py ..                                       [  0%]
tests\api\test_health.py ..                                              [  0%]
tests\api\test_health_real.py ....                                       [  0%]
tests\api\test_rate_limit.py .                                           [  0%]
tests\api\test_real_easy_mode_api.py ....                                [  0%]
tests\api\test_server_health_integration.py .....                        [  0%]
tests\audit\test_audit_triage.py .....                                   [  0%]
tests\audit\test_pipeline.py ...                                         [  0%]
tests\audit\test_repair_planner.py ......                                [  0%]
tests\audit\test_static_rules.py .....                                   [  0%]
tests\audit\test_static_rules_crlf.py ...                                [  0%]
tests\audit\test_static_rules_severity.py ....                           [  0%]
tests\audit\test_unified_auditor_equivalence.py ..                       [  0%]
tests\audit\test_unified_llm_auditor.py ....                             [  0%]
tests\audit\test_unified_llm_auditor_robustness.py ....                  [  0%]
tests\backend\test_database_core.py ..............................       [  0%]
tests\backend\test_database_manager_sql_contract.py ................     [  1%]
tests\backend\test_engine.py .................                           [  1%]
tests\backend\test_engine_simple.py .                                    [  1%]
tests\backend\test_metadata_completeness.py ....                         [  1%]
tests\benchmarks\test_tokenizer_performance.py ........                  [  1%]
tests\branches\test_branch_id_propagation.py .....                       [  1%]
tests\branches\test_e2e_rest.py .                                        [  1%]
tests\branches\test_e2e_ws.py .                                          [  1%]
tests\config\test_dependency_consistency.py ............................ [  1%]
.........                                                                [  1%]
tests\config\test_env_isolation.py .                                     [  1%]
tests\config\test_env_loader.py ..                                       [  1%]
tests\config\test_flaky_detection.py .                                   [  1%]
tests\config\test_phase1_coverage.py .                                   [  1%]
tests\config\test_project_context_integrity.py ...                       [  1%]
tests\contract\test_api_contracts.py ............                        [  2%]
tests\contract\test_compression_output_schema.py ....................... [  2%]
                                                                         [  2%]
tests\contract\test_db_schema.py ....                                    [  2%]
tests\contract\test_event_schema.py .                                    [  2%]
tests\contract\test_graph_schemas.py .......                             [  2%]
tests\contract\test_planning_options_contract.py .......                 [  2%]
tests\contract\test_planning_options_endpoint.py .......                 [  2%]
tests\contract\test_spine_prompt_injection.py .......                    [  2%]
tests\contract\test_v53_prompt_contract.py ...........                   [  2%]
tests\contract\test_v5_foreshadowing_relevance_injection.py ......       [  2%]
tests\contract\test_v6_audit_advisory_gate.py ............               [  2%]
tests\contract\test_v6_audit_gate_thresholds.py ...........              [  3%]
tests\contract\test_v6_audit_parallel_equivalence.py ...s                [  3%]
tests\contract\test_v6_audit_regeneration_budget.py ........             [  3%]
tests\contract\test_v6_audit_surgical_patch.py .......                   [  3%]
tests\contract\test_w6_prefetch_invalidation_wiring.py .......           [  3%]
tests\database\test_book_repository_async_concurrency.py ....            [  3%]
tests\docker\test_image_security.py ss                                   [  3%]
tests\domain\interfaces\test_foreshadowing_repository.py .......         [  3%]
tests\domain\interfaces\test_hook_repository.py .....                    [  3%]
tests\e2e\test_anti_ai_emotion_reform.py .                               [  3%]
tests\e2e\test_anti_ai_full_flow.py ..........                           [  3%]
tests\e2e\test_coarse_fine_e2e.py ....                                   [  3%]
tests\e2e\test_easy_mode_flow.py ...                                     [  3%]
tests\e2e\test_foreshadowing_ensemble_pipeline_e2e.py .                  [  3%]
tests\e2e\test_full_novel_production_pipeline.py ...........             [  3%]
tests\e2e\test_full_novel_with_compression.py .......                    [  3%]
tests\e2e\test_opening_booster_pipeline.py ..                            [  3%]
tests\e2e\test_pillar1_fault_tolerance.py .                              [  3%]
tests\e2e\test_pillar1_pipeline_e2e.py .                                 [  3%]
tests\e2e\test_production_e2e.py s                                       [  3%]
tests\e2e\test_regeneration_loop_e2e.py ..                               [  3%]
tests\e2e\test_spine_end_to_end.py ..............                        [  4%]
tests\e2e\test_title_ctr_pipeline.py .                                   [  4%]
tests\e2e\test_v53_long_form_wiring_e2e.py .....                         [  4%]
tests\e2e\test_v5_storage_parity.py ..                                   [  4%]
tests\e2e\test_v5_workflow_e2e.py .                                      [  4%]
tests\factories\test_factories.py ....                                   [  4%]
tests\generation\test_cache_lru.py .....                                 [  4%]
tests\generation\test_local_polish.py ....                               [  4%]
tests\generation\test_local_polish_sanitization.py ...                   [  4%]
tests\generation\test_pdca_controller.py ......                          [  4%]
tests\generation\test_pdca_limitation.py ..                              [  4%]
tests\generation\test_pdca_pipeline_integration.py ..                    [  4%]
tests\infrastructure\repositories\test_infra_foreshadowing_repository.py . [  4%]
.....                                                                    [  4%]
tests\infrastructure\repositories\test_infra_hook_repository.py ....     [  4%]
tests\infrastructure\test_clean_architecture_integrity.py ...            [  4%]
tests\infrastructure\test_monitoring_init.py ..                          [  4%]
tests\infrastructure\test_package_imports.py .....                       [  4%]
tests\integration\agent\memory\test_archival_adapter.py ..               [  4%]
tests\integration\agent\test_writer_fused_prompt.py .                    [  4%]
tests\integration\agent\test_writer_prompt_injection.py ..               [  4%]
tests\integration\agents\test_episode_boundary.py .                      [  4%]
tests\integration\agents\test_writer_agent_e2e.py .                      [  4%]
tests\integration\agents\test_writer_memory_loop.py .                    [  4%]
tests\integration\annotations\test_full_flow.py ........                 [  4%]
tests\integration\annotations\test_persistence.py ........               [  4%]
tests\integration\api\test_agent_memory_api.py .                         [  4%]
tests\integration\api\test_conflict_resolution.py .                      [  4%]
tests\integration\api\test_dashboard.py .                                [  4%]
tests\integration\database\test_concurrency_stress.py ..                 [  4%]
tests\integration\fusion\test_persist_fused.py .                         [  4%]
tests\integration\pipeline\test_dual_vector_sources.py ....              [  4%]
tests\integration\pipeline\test_emotional_residue_e2e.py ...             [  5%]
tests\integration\rules\test_engine_persistence.py ...                   [  5%]
tests\integration\rules\test_rule_engine_e2e.py ...                      [  5%]
tests\integration\test_40ep_commercial_lifecycle.py .                    [  5%]
tests\integration\test_async_generation.py ...                           [  5%]
tests\integration\test_audit_aggregator_pipeline.py .                    [  5%]
tests\integration\test_auto_regeneration_loop.py ....                    [  5%]
tests\integration\test_billing_and_auth_guard.py ........                [  5%]
tests\integration\test_billing_and_credits.py ....                       [  5%]
tests\integration\test_billing_webhook_idempotency.py .                  [  5%]
tests\integration\test_blind_gacha_flow.py .                             [  5%]
tests\integration\test_blind_review_e2e.py .                             [  5%]
tests\integration\test_book_score_feedback_loop.py ....                  [  5%]
tests\integration\test_book_score_flow.py ...                            [  5%]
tests\integration\test_chromadb_fixture.py s                             [  5%]
tests\integration\test_collab_hybrid.py ........                         [  5%]
tests\integration\test_commercial_publish.py .......                     [  5%]
tests\integration\test_commercial_quality_pipeline.py .                  [  5%]
tests\integration\test_critical_routers_auth.py ..                       [  5%]
tests\integration\test_csp_balancer.py ..                                [  5%]
tests\integration\test_csp_cli.py .                                      [  5%]
tests\integration\test_dag_huey_e2e.py .                                 [  5%]
tests\integration\test_dag_replanning_e2e.py .                           [  5%]
tests\integration\test_dsp_balancer.py .                                 [  5%]
tests\integration\test_dsp_cli.py .                                      [  5%]
tests\integration\test_dsp_golden.py .                                   [  5%]
tests\integration\test_easy_mode_export.py ...                           [  5%]
tests\integration\test_enrichment_e2e.py ...........                     [  5%]
tests\integration\test_enrichment_sensory_pipeline.py .                  [  5%]
tests\integration\test_enrichment_trivia_pipeline.py .                   [  5%]
tests\integration\test_eventbus_integration.py ....                      [  5%]
tests\integration\test_example_migration.py sss                          [  5%]
tests\integration\test_full_pdca_cycle.py ..                             [  5%]
tests\integration\test_full_pipeline.py .....                            [  5%]
tests\integration\test_generate_flow.py ..                               [  5%]
tests\integration\test_global_balancer.py .                              [  6%]
tests\integration\test_global_cli.py .                                   [  6%]
tests\integration\test_global_scenarios.py ..                            [  6%]
tests\integration\test_grammar_balancer.py ..                            [  6%]
tests\integration\test_grammar_cli.py .                                  [  6%]
tests\integration\test_graphrag_age.py ssssssssssssssssssssss            [  6%]
tests\integration\test_health_status_real_db.py ..........               [  6%]
tests\integration\test_hybrid_audit_e2e.py ...                           [  6%]
tests\integration\test_idor_protection.py .                              [  6%]
tests\integration\test_layer1_sudachi_integration.py .......             [  6%]
tests\integration\test_local_startup.py ..........s                      [  6%]
tests\integration\test_multigenre_dungeon_stream.py ...                  [  6%]
tests\integration\test_multimedia_e2e.py ...                             [  6%]
tests\integration\test_multimedia_router.py ........                     [  6%]
tests\integration\test_multitenancy_isolation.py .                       [  6%]
tests\integration\test_observability_and_admin_api.py .....              [  6%]
tests\integration\test_orchestrated_api.py ......                        [  6%]
tests\integration\test_p0_multimedia_merge_e2e.py FFF.F                  [  6%]
tests\integration\test_p0_security_idor_full.py ..                       [  6%]
tests\integration\test_p1_kakuyomu_flow.py ...........                   [  7%]
tests\integration\test_p1_quality_enhancement_e2e.py .....               [  7%]
tests\integration\test_p2_architecture_ux_e2e.py ...                     [  7%]
tests\integration\test_phase1_ux_e2e.py .                                [  7%]
tests\integration\test_phase2_multimodal_e2e.py .                        [  7%]
tests\integration\test_phase3_chaos_resilience.py .                      [  7%]
tests\integration\test_phase3_full_regression.py ...                     [  7%]
tests\integration\test_pillar2_full_regression.py .                      [  7%]
tests\integration\test_pillar3_full_regression.py .                      [  7%]
tests\integration\test_pillar4_full_regression.py .....                  [  7%]
tests\integration\test_planning_3gacha.py ....                           [  7%]
tests\integration\test_postgres_fixture.py s                             [  7%]
tests\integration\test_postgres_fixture_integration.py s                 [  7%]
tests\integration\test_postgres_session.py s                             [  7%]
tests\integration\test_postgres_via_docker.py s                          [  7%]
tests\integration\test_promotion_pdca.py .......                         [  7%]
tests\integration\test_publishing_export_lifecycle.py ..............     [  7%]
tests\integration\test_redis_chromadb.py ss                              [  7%]
tests\integration\test_redis_fixture.py s                                [  7%]
tests\integration\test_reflective_rag_context_builder.py ....            [  7%]
tests\integration\test_regression_phase4.py ...............              [  7%]
tests\integration\test_relational_memory_e2e.py .......                  [  7%]
tests\integration\test_semantic_rag_compression_e2e.py .                 [  7%]
tests\integration\test_sensory_full_text.py .                            [  7%]
tests\integration\test_social_dynamics_e2e.py .                          [  7%]
tests\integration\test_social_interaction_flow.py .                      [  7%]
tests\integration\test_streaming.py .......                              [  7%]
tests\integration\test_v53_long_form_wiring_e2e.py ........              [  8%]
tests\integration\test_v5_full_lifecycle.py .                            [  8%]
tests\integration\test_wizard_creation_funnel.py .....                   [  8%]
tests\integration\test_writing_enrichment_audit_chain.py .               [  8%]
tests\integration\test_writing_pipeline_observability.py ......          [  8%]
tests\integration\test_zero_cost_pipeline.py .                           [  8%]
tests\llm\test_circuit_breaker_concurrency.py ....                       [  8%]
tests\load\test_locustfile_import.py ...                                 [  8%]
tests\logging\test_setup.py .                                            [  8%]
tests\models\test_foreshadowing.py .....                                 [  8%]
tests\models\test_hook.py ......                                         [  8%]
tests\models\test_illustration_point.py .....                            [  8%]
tests\models\test_plot_coarse_fine.py ..............                     [  8%]
tests\monitoring\test_observability.py ..                                [  8%]
tests\monitoring\test_otel.py .                                          [  8%]
tests\monitoring\test_sentry.py .                                        [  8%]
tests\narrative\subtext_engine\test_config_load.py ..                    [  8%]
tests\narrative\subtext_engine\test_conflict_detection.py .              [  8%]
tests\narrative\subtext_engine\test_debug_logging.py .                   [  8%]
tests\narrative\subtext_engine\test_engine_core.py ....                  [  8%]
tests\narrative\subtext_engine\test_engine_smoke.py .                    [  8%]
tests\narrative\subtext_engine\test_error_handling.py .                  [  8%]
tests\narrative\subtext_engine\test_expansion_rules.py .                 [  8%]
tests\narrative\subtext_engine\test_golden_regression.py ............... [  8%]
.................                                                        [  9%]
tests\narrative\subtext_engine\test_models.py ...                        [  9%]
tests\narrative\subtext_engine\test_performance.py .                     [  9%]
tests\narrative\subtext_engine\test_regex_rule.py ...                    [  9%]
tests\narrative\subtext_engine\test_registry.py .                        [  9%]
tests\narrative\subtext_engine\test_report_generation.py .               [  9%]
tests\narrative\subtext_engine\test_rules_core.py .......                [  9%]
tests\narrative\subtext_templates\test_context_matcher.py ...            [  9%]
tests\narrative\subtext_templates\test_golden_templates.py ............. [  9%]
.....................................                                    [  9%]
tests\narrative\subtext_templates\test_jinja_env.py .                    [  9%]
tests\narrative\subtext_templates\test_renderer.py ..                    [  9%]
tests\narrative\subtext_templates\test_shared_data.py ...                [  9%]
tests\narrative\subtext_templates\test_template_structure.py ...         [  9%]
tests\narrative\subtext_templates\test_templates_categories.py ......    [  9%]
tests\narrative\subtext_tokens\test_formatting_rules.py .......          [ 10%]
tests\narrative\subtext_tokens\test_golden_token.py .................... [ 10%]
....................                                                     [ 10%]
tests\narrative\subtext_tokens\test_performance.py ....                  [ 10%]
tests\narrative\subtext_tokens\test_token_dict.py ..                     [ 10%]
tests\narrative\subtext_tokens\test_token_expander.py ...                [ 10%]
tests\narrative\subtext_tokens\test_token_spec.py ...                    [ 10%]
tests\perf\test_agent_speed_benchmark.py ..                              [ 10%]
tests\perf\test_long_form_token_stability.py ..                          [ 10%]
tests\perf\test_performance_regression.py sssssss.                       [ 10%]
tests\perf\test_token_cost_benchmark.py ..                               [ 10%]
tests\perf\test_v6_audit_failure_rate.py ========================================================================
V6 äƒç∏5åèÇÃçáäió¶Åyé¿ë™Åz (STUB çZê≥íl: reject_threshold=0.2)
========================================================================
  fast_screen            çáäi 14/17 =  82.35%   (âºíË 80% / ç∑ +2.35pt)
  logical_consistency    çáäi 20/20 = 100.00%   (âºíË 80% / ç∑ +20.00pt)  Å© ïsçáäi 0 åèÅiç\ë¢ìI no-op ÇÃã^Ç¢Åj
  deai                   çáäi 15/20 =  75.00%   (âºíË 80% / ç∑ -5.00pt)
  ability_consistency    çáäi 16/20 =  80.00%   (âºíË 80% / ç∑ +0.00pt)
  causal_integrity       çáäi 20/20 = 100.00%   (âºíË 80% / ç∑ +20.00pt)  Å© ïsçáäi 0 åèÅiç\ë¢ìI no-op ÇÃã^Ç¢Åj
  çáäió¶Ç™ 100% ÇÃäƒç∏ÇÕÅuÇªÇÃòbÇ™àÍìxÇ‡óéÇøÇ»Ç©Ç¡ÇΩÅvÇÃÇ≈ÇÕÇ»Ç≠ÅAïsçáäiÇï‘Ç∑åoòHÇ™ç\ë¢ìIÇ…ìûíBïsî\Ç≈Ç†ÇÈã^Ç¢Ç™Ç†ÇÈÅB
.========================================================================
V6 ëS5åèí âﬂó¶Åi= ëSñ≈ÇµÇ»Ç¢ämó¶ÅjÅyé¿ë™Åz
========================================================================
  é¿ë™ all-pass : 10/20 =  50.00%
  âºíË all-pass : 0.8^5          =  32.77%
  ç∑ï™ (delta)  : +17.23 pt
  Å® çƒé∑ïMó¶ÇÃé¿ë™ílÇÕ 50.00%
  NOTE: é¿ë™ílÇÕ STUB çZê≥íl (reject_threshold=0.20) Çä‹ÇﬁÅB
.========================================================================
V6 çƒé∑ïMó¶Åi= 1 - all-passÅjÅyé¿ë™Åz
========================================================================
  é¿ë™ çƒé∑ïMó¶ : 10/20 =  50.00%
  âºíË çƒé∑ïMó¶ : 1 - 0.8^5      =  67.23%
  ç∑ï™ (delta)  : -17.23 pt
.                             [ 10%]
tests\perf\test_v6_audit_latency_and_regen.py .....                      [ 10%]
tests\perf\test_v6_llm_call_budget.py ............                       [ 10%]
tests\perf\test_vector_store_perf.py s                                   [ 10%]
tests\performance\test_cached_archival.py .                              [ 10%]
tests\performance\test_compression_benchmark.py ......                   [ 11%]
tests\performance\test_csp_perf.py s                                     [ 11%]
tests\performance\test_dsp_perf.py s                                     [ 11%]
tests\performance\test_fusion_perf.py ..                                 [ 11%]
tests\performance\test_grammar_perf.py s                                 [ 11%]
tests\performance\test_rule_engine_perf.py ....ss                        [ 11%]
tests\property\test_compression_invariants.py ...............            [ 11%]
tests\property\test_dsp_properties.py ..                                 [ 11%]
tests\property\test_grammar_properties.py .                              [ 11%]
tests\property\test_isolation_property.py ..........                     [ 11%]
tests\quality\test_context_builder_migration.py ....                     [ 11%]
tests\quality\test_exception_handling_audit.py .                         [ 11%]
tests\quality\test_no_print_in_production_code.py .                      [ 11%]
tests\regression\test_H1_async_boundary.py .....                         [ 11%]
tests\regression\test_H1_audit_agent_smoke.py .........                  [ 11%]
tests\regression\test_H1_gitignore_tightness.py ....                     [ 11%]
tests\regression\test_H1_http_error_discipline.py .                      [ 11%]
tests\regression\test_H1_import_purity.py .....                          [ 11%]
tests\regression\test_H1_lint_ratchet.py ...                             [ 11%]
tests\regression\test_H1_no_orphan_shims.py ....                         [ 11%]
tests\regression\test_H1_routing_drift.py ....                           [ 11%]
tests\regression\test_H1_tautology_guard.py ..                           [ 11%]
tests\regression\test_auth_bypass_contract.py ....x                      [ 11%]
tests\regression\test_collection_health_gate.py ..                       [ 11%]
tests\regression\test_docs_numbers_consistency.py .....                  [ 11%]
tests\regression\test_docs_router_count_matches_reality.py .......       [ 12%]
tests\regression\test_emotional_residue_regression.py ....               [ 12%]
tests\regression\test_genre_resolution_unified.py ...................... [ 12%]
....                                                                     [ 12%]
tests\regression\test_lint_budget.py .F.....                             [ 12%]
tests\regression\test_logging_isolation_gate.py ...                      [ 12%]
tests\regression\test_manga_regression.py .....                          [ 12%]
tests\regression\test_no_age_dependency.py ..                            [ 12%]
tests\regression\test_no_undefined_names.py ...                          [ 12%]
tests\regression\test_p1_stabilization.py .....                          [ 12%]
tests\regression\test_pacing_graph_relative.py ......................... [ 12%]
..................                                                       [ 13%]
tests\regression\test_relative_episode_structure.py ..................   [ 13%]
tests\regression\test_repo_hygiene.py ..                                 [ 13%]
tests\regression\test_rule_engine_regression.py .....                    [ 13%]
tests\regression\test_services_reachability.py ......                    [ 13%]
tests\regression\test_status_doc_has_effect_measurement.py ......        [ 13%]
tests\regression\test_status_md_counts_match_reality.py ...              [ 13%]
tests\regression\test_status_spine_measurement.py .....                  [ 13%]
tests\regression\test_subprocess_encoding_gate.py ...                    [ 13%]
tests\regression\test_t6_plan_completion.py .                            [ 13%]
tests\regression\test_tenant_fk_integrity.py ...                         [ 13%]
tests\regression\test_tier_quality_gate.py ......................        [ 13%]
tests\regression\test_v53_concurrent_transition.py .......               [ 13%]
tests\regression\test_v53_context_wiring_reachability.py .....           [ 13%]
tests\regression\test_v53_long_form_integrity.py ....................... [ 14%]
.............................                                            [ 14%]
tests\regression\test_v53_wiring_reachability.py .............           [ 14%]
tests\regression\test_v5_critical_invariants.py ..                       [ 14%]
tests\regression\test_v5_pipeline_integrity.py ...                       [ 14%]
tests\regression\test_v5_repo_cleanliness.py ...                         [ 14%]
tests\regression\test_v5_version_consistency.py ........                 [ 14%]
tests\regression\test_v6_version_consistency.py ....                     [ 14%]
tests\regression\test_week2_regression.py .....                          [ 14%]
tests\regression\test_week4_regression.py ........                       [ 14%]
tests\regression\test_week5_regression.py .......                        [ 15%]
tests\security\test_H1_ci_workflow_contract.py ........                  [ 15%]
tests\security\test_auth_middleware_timing_safe.py ...                   [ 15%]
tests\security\test_auth_timing_safety.py ...                            [ 15%]
tests\security\test_branch_cross_tenant.py ...                           [ 15%]
tests\security\test_branch_guard_shared.py ..                            [ 15%]
tests\security\test_env_security_guardrails.py ....                      [ 15%]
tests\security\test_headers.py .                                         [ 15%]
tests\security\test_idor_regression.py ...                               [ 15%]
tests\security\test_marketing_export_idor.py ....                        [ 15%]
tests\security\test_router_ownership_matrix.py ......                    [ 15%]
tests\security\test_server_route_mount_parity.py ....                    [ 15%]
tests\security\test_stream_auth.py ..................................    [ 15%]
tests\services\anti_ai\test_density_scorer.py ........                   [ 15%]
tests\services\anti_ai\test_integration.py ......                        [ 15%]
tests\services\anti_ai\test_pipeline_orchestrator.py ..........          [ 16%]
tests\services\anti_ai\test_purple_prose_filter.py .........             [ 16%]
tests\services\anti_ai\test_syntax_refiner.py ..................         [ 16%]
tests\services\test_foreshadowing_id_generator.py .......                [ 16%]
tests\services\test_foreshadowing_registration_step.py ......            [ 16%]
tests\services\test_foreshadowing_service_resolution.py ........         [ 16%]
tests\services\test_hook_generation_step.py ....                         [ 16%]
tests\services\test_hook_templates.py ........                           [ 16%]
tests\services\test_illustration_point_generation_step.py .....          [ 16%]
tests\services\test_manga_pipeline.py .....                              [ 16%]
tests\services\test_pipeline_base.py ..........                          [ 16%]
tests\shared\test_result.py .......                                      [ 16%]
tests\stress\test_agent_longrun.py .                                     [ 16%]
tests\test_cadence_reformatter.py ..                                     [ 16%]
tests\test_conftest_fixtures.py ..                                       [ 16%]
tests\test_constants.py ....                                             [ 17%]
tests\test_continuity_tracker.py ..............                          [ 17%]
tests\test_deai_auditor_edges.py ....                                    [ 17%]
tests\test_easy_mode_api.py .........                                    [ 17%]
tests\test_easy_mode_workflow.py .......                                 [ 17%]
tests\test_emotional_hook.py .......                                     [ 17%]
tests\test_entertainment_check_model.py ......                           [ 17%]
tests\test_erotic_integration.py ...                                     [ 17%]
tests\test_erotic_workflow.py ......................                     [ 17%]
tests\test_full_auto_workflow.py .....                                   [ 17%]
tests\test_gacha_digest_service.py .............                         [ 17%]
tests\test_genre_mapping.py ..                                           [ 17%]
tests\test_health.py .....                                               [ 18%]
tests\test_illustration_agent.py ...                                     [ 18%]
tests\test_illustration_router.py .......                                [ 18%]
tests\test_image_service.py .....                                        [ 18%]
tests\test_migrations.py ..s..                                           [ 18%]
tests\test_negative_learning.py .......                                  [ 18%]
tests\test_patch_review_workflow.py .....                                [ 18%]
tests\test_plan_workflow.py ..                                           [ 18%]
tests\test_planning_subversion.py ......                                 [ 18%]
tests\test_plot_subversion_integration.py ......                         [ 18%]
tests\test_report_models.py ........                                     [ 18%]
tests\test_scene_continuity_tracker.py ............                      [ 18%]
tests\test_setting_delta_merge.py .......                                [ 18%]
tests\test_sharp_edge.py ..........                                      [ 18%]
tests\test_style_profile_and_distiller.py ..                             [ 18%]
tests\test_styles_router.py ...                                          [ 18%]
tests\test_subtext_suite_integration.py ..........                       [ 19%]
tests\test_subversion_engine.py ........                                 [ 19%]
tests\test_unified_pipeline.py ..........................                [ 19%]
tests\test_uow.py ..                                                     [ 19%]
tests\test_writing_workflow.py ..                                        [ 19%]
tests\unit\agent\hooks\test_hook_generator.py ..                         [ 19%]
tests\unit\agent\memory\test_branch_manager.py .                         [ 19%]
tests\unit\agent\memory\test_compaction.py .                             [ 19%]
tests\unit\agent\memory\test_core_memory.py ...                          [ 19%]
tests\unit\agent\memory\test_initializer.py .                            [ 19%]
tests\unit\agent\memory\test_interfaces.py ..                            [ 19%]
tests\unit\agent\memory\test_manager.py ..                               [ 19%]
tests\unit\agent\memory\test_voice_profile.py .                          [ 19%]
tests\unit\agent\memory\test_working_memory.py .                         [ 19%]
tests\unit\agent\tools\test_consistency.py ..                            [ 19%]
tests\unit\agent\tools\test_memory_tools.py ..                           [ 19%]
tests\unit\agents\test_agents_integration.py .                           [ 19%]
tests\unit\agents\test_audit_agent.py .                                  [ 19%]
tests\unit\agents\test_audit_agent_deep.py ...........                   [ 19%]
tests\unit\agents\test_audit_patch_events.py .....                       [ 19%]
tests\unit\agents\test_bible_agent.py .....                              [ 19%]
tests\unit\agents\test_context_builder.py .                              [ 19%]
tests\unit\agents\test_context_builder_coverage.py ..................... [ 20%]
...............                                                          [ 20%]
tests\unit\agents\test_context_builder_deprecated_alias.py ..            [ 20%]
tests\unit\agents\test_diversity_and_debate.py ....                      [ 20%]
tests\unit\agents\test_early_interest_checker.py .......                 [ 20%]
tests\unit\agents\test_emotion_detection_prompt.py .                     [ 20%]
tests\unit\agents\test_enrichment_sensory.py ........................... [ 20%]
................                                                         [ 20%]
tests\unit\agents\test_episode_pipeline_no_recursion.py ..               [ 20%]
tests\unit\agents\test_episode_writer_metadata_extraction.py ..          [ 20%]
tests\unit\agents\test_erotic_character_continuity.py .................. [ 21%]
................................                                         [ 21%]
tests\unit\agents\test_erotic_continuity.py .                            [ 21%]
tests\unit\agents\test_erotic_density.py .                               [ 21%]
tests\unit\agents\test_erotic_diversity.py .                             [ 21%]
tests\unit\agents\test_erotic_filter.py ..                               [ 21%]
tests\unit\agents\test_erotic_pipeline.py .............................. [ 21%]
................................................                         [ 22%]
tests\unit\agents\test_erotic_scene_continuity.py ...................... [ 22%]
......................                                                   [ 22%]
tests\unit\agents\test_event_bus.py .                                    [ 22%]
tests\unit\agents\test_illustration_agent_chain.py ........              [ 22%]
tests\unit\agents\test_illustration_agent_contract.py .....              [ 22%]
tests\unit\agents\test_logger_guards_regression.py .....                 [ 22%]
tests\unit\agents\test_opening_booster_multigenre.py ..                  [ 22%]
tests\unit\agents\test_orchestrator_core.py ............................ [ 23%]
......................                                                   [ 23%]
tests\unit\agents\test_orchestrator_manifest.py ..........               [ 23%]
tests\unit\agents\test_planning_beat_sheet.py .                          [ 23%]
tests\unit\agents\test_plot_agent.py .                                   [ 23%]
tests\unit\agents\test_prompt_composer.py .                              [ 23%]
tests\unit\agents\test_state_validator_agent.py .....                    [ 23%]
tests\unit\agents\test_tool_handler.py .                                 [ 23%]
tests\unit\agents\test_unified_auditor.py .....                          [ 23%]
tests\unit\agents\test_update_chapter_content_call.py ......             [ 23%]
tests\unit\agents\test_visual_key_scene_prompt.py .                      [ 23%]
tests\unit\agents\test_writer_agent_memory.py .                          [ 23%]
tests\unit\agents\test_writing_agent_generate.py .                       [ 23%]
tests\unit\agents\test_writing_agent_init.py .                           [ 23%]
tests\unit\agents\test_writing_scheduler.py .                            [ 23%]
tests\unit\annotations\test_beat.py .........                            [ 23%]
tests\unit\annotations\test_frontmatter.py .........                     [ 23%]
tests\unit\annotations\test_integrated_parser.py .........               [ 24%]
tests\unit\annotations\test_parser.py .............                      [ 24%]
tests\unit\annotations\test_validator.py ..ss........                    [ 24%]
tests\unit\anti_ai\test_anti_ai_detector.py ..........                   [ 24%]
tests\unit\anti_ai\test_corrector.py ..................                  [ 24%]
tests\unit\anti_ai\test_loop_controller.py .........                     [ 24%]
tests\unit\anti_ai\test_models.py ...................                    [ 24%]
tests\unit\anti_ai\test_orchestrator.py ..........                       [ 24%]
tests\unit\anti_ai\test_orchestrator_syllogism.py ..                     [ 24%]
tests\unit\anti_ai\test_rule_detectors.py .......................        [ 25%]
tests\unit\anti_ai\test_syllogism_detector.py ..                         [ 25%]
tests\unit\anti_ai\test_syllogism_directive.py ..                        [ 25%]
tests\unit\api\test_annotations.py ...........                           [ 25%]
tests\unit\api\test_editor_router.py ..                                  [ 25%]
tests\unit\api\test_graph_relational.py .......                          [ 25%]
tests\unit\api\test_health_timeout.py .....                              [ 25%]
tests\unit\api\test_marketing_catchphrase_api.py ...                     [ 25%]
tests\unit\api\test_metrics_memory.py ........                           [ 25%]
tests\unit\api\test_platform_export.py ...............                   [ 25%]
tests\unit\api\test_plots_expand_beats.py ......                         [ 25%]
tests\unit\api\test_plugin_conditional_routing.py .....                  [ 25%]
tests\unit\api\test_stream_writing.py .                                  [ 25%]
tests\unit\api\test_unified_auditor_endpoint.py ....                     [ 25%]
tests\unit\application\test_writing_use_cases_complete.py .              [ 25%]
tests\unit\application\test_writing_usecase_not_implemented.py .         [ 25%]
tests\unit\architecture\test_layer_dependencies.py .                     [ 25%]
tests\unit\backend\test_auth_rbac.py ..                                  [ 26%]
tests\unit\backend\test_auth_real_session.py .                           [ 26%]
tests\unit\backend\test_backend_auth_and_checkpoints.py ................ [ 26%]
........                                                                 [ 26%]
tests\unit\backend\test_backend_background.py ........................   [ 26%]
tests\unit\backend\test_backend_database_core.py ....................... [ 26%]
.......F...                                                              [ 26%]
tests\unit\backend\test_backend_database_repository.py ................. [ 27%]
...                                                                      [ 27%]
tests\unit\backend\test_backend_engine_facade_and_plot.py .............. [ 27%]
...................                                                      [ 27%]
tests\unit\backend\test_backend_tasks_dag_stack.py ..................... [ 27%]
.s..............................................                         [ 28%]
tests\unit\backend\test_config_production_validation.py ......           [ 28%]
tests\unit\backend\test_cors_auth_headers.py .                           [ 28%]
tests\unit\backend\test_illustrations_scene_image_api.py .....           [ 28%]
tests\unit\backend\test_rate_limit_key_eviction.py ....                  [ 28%]
tests\unit\backend\test_sanitizer_deep.py .........                      [ 28%]
tests\unit\backend\test_server_lifespan_shutdown.py ....                 [ 28%]
tests\unit\backend\test_tasks_async_loop_and_orm2.py .......             [ 28%]
tests\unit\backend\test_writing_langgraph_coverage.py .................. [ 28%]
...................................                                      [ 29%]
tests\unit\billing\test_credit_service_deduct.py .......                 [ 29%]
tests\unit\cli\test_cli_all_subcommands.py .............                 [ 29%]
tests\unit\cli\test_cli_execution_paths.py ............................  [ 29%]
tests\unit\cli\test_cli_generate_and_export.py ......................... [ 29%]
...........                                                              [ 29%]
tests\unit\cli\test_cli_main.py ..............                           [ 30%]
tests\unit\cli\test_promptops_cli.py ..........                          [ 30%]
tests\unit\config\test_config_registries.py .......................      [ 30%]
tests\unit\config\test_emotion_lexicon.py ......                         [ 30%]
tests\unit\config\test_emotional_rules_yaml.py .....                     [ 30%]
tests\unit\config\test_fusion_config.py .                                [ 30%]
tests\unit\config\test_pipeline_config.py ..                             [ 30%]
tests\unit\config\test_plot_events_yaml.py .....                         [ 30%]
tests\unit\config\test_redis_config.py ..                                [ 30%]
tests\unit\core\test_cancellation_token.py ........                      [ 30%]
tests\unit\core\test_container.py ...                                    [ 30%]
tests\unit\core\test_core_async_utils.py ........                        [ 30%]
tests\unit\core\test_core_plugin_loader.py .........                     [ 30%]
tests\unit\core\test_core_without_plugins.py .........                   [ 30%]
tests\unit\core\test_core_zero_modules.py ...............                [ 31%]
tests\unit\core\test_plugin_registry.py ...............                  [ 31%]
tests\unit\database\test_base_repository.py ......                       [ 31%]
tests\unit\database\test_bible_repository.py ..                          [ 31%]
tests\unit\database\test_book_repository.py .....                        [ 31%]
tests\unit\database\test_compatible_json.py .                            [ 31%]
tests\unit\database\test_compatible_vector.py .                          [ 31%]
tests\unit\database\test_connection_wrapper.py ....                      [ 31%]
tests\unit\database\test_database_manager.py .........                   [ 31%]
tests\unit\database\test_episode_scene_repo.py .......                   [ 31%]
tests\unit\database\test_foreshadowing_repo.py ...................       [ 31%]
tests\unit\database\test_foreshadowing_repo_keywords.py ................ [ 31%]
.......................                                                  [ 32%]
tests\unit\database\test_foreshadowing_repo_rejection_reason.py ......   [ 32%]
tests\unit\database\test_migration_integrity.py .                        [ 32%]
tests\unit\database\test_plot_repository.py .                            [ 32%]
tests\unit\database\test_retry_logging.py ...                            [ 32%]
tests\unit\database\test_uow_context.py ..                               [ 32%]
tests\unit\database\test_uow_integration.py ..                           [ 32%]
tests\unit\database\test_uow_repo.py .                                   [ 32%]
tests\unit\database\test_uow_repositories.py .                           [ 32%]
tests\unit\database\test_workspace_manager.py ....                       [ 32%]
tests\unit\domain\test_audit_entity.py ................                  [ 32%]
tests\unit\domain\test_bible_domain_service.py ......................... [ 32%]
.......................                                                  [ 33%]
tests\unit\domain\test_bible_domain_service_async.py ................... [ 33%]
..............................................                           [ 33%]
tests\unit\domain\test_character_domain_service.py ..................... [ 33%]
................                                                         [ 34%]
tests\unit\domain\test_domain_entities.py .............................. [ 34%]
............                                                             [ 34%]
tests\unit\domain\test_domain_novel.py ..                                [ 34%]
tests\unit\domain\test_domain_services.py ..                             [ 34%]
tests\unit\domain\test_plot_domain_service.py .......................... [ 34%]
......                                                                   [ 34%]
tests\unit\domain\test_quality_domain_service.py ....................... [ 35%]
.......................                                                  [ 35%]
tests\unit\domain\test_quality_domain_service_extra.py ................. [ 35%]
...................................................                      [ 36%]
tests\unit\domain\test_quality_plot_score_weights.py ....                [ 36%]
tests\unit\domain\test_timestamped_schema.py ....                        [ 36%]
tests\unit\domain\test_value_objects.py ................................ [ 36%]
.......................                                                  [ 36%]
tests\unit\domain\test_world_bible_entity.py ........................    [ 37%]
tests\unit\domain\writing\test_coordinator.py ........                   [ 37%]
tests\unit\domain\writing\test_quality_loop.py .....                     [ 37%]
tests\unit\domain\writing\test_state_guard.py ..............             [ 37%]
tests\unit\domain\writing\test_writing_service_facade.py ............    [ 37%]
tests\unit\easy_mode\test_asset_pack_export.py .                         [ 37%]
tests\unit\easy_mode\test_asset_pack_generator.py .                      [ 37%]
tests\unit\easy_mode\test_asset_pack_generator_extra.py ................ [ 37%]
..........................                                               [ 37%]
tests\unit\easy_mode\test_asset_pack_metadata.py .                       [ 37%]
tests\unit\easy_mode\test_asset_pack_packaging.py .                      [ 37%]
tests\unit\easy_mode\test_easy_mode_coarse_fine.py ....                  [ 37%]
tests\unit\easy_mode\test_ebook_epub_export.py .                         [ 37%]
tests\unit\easy_mode\test_ebook_export_coverage.py ..................... [ 38%]
.............                                                            [ 38%]
tests\unit\easy_mode\test_ebook_metadata.py ..                           [ 38%]
tests\unit\easy_mode\test_ebook_styling.py .....                         [ 38%]
tests\unit\easy_mode\test_erotic_specialist_prompts.py ...               [ 38%]
tests\unit\easy_mode\test_if_routes_conditions.py .                      [ 38%]
tests\unit\easy_mode\test_if_routes_generator_extra.py ................. [ 38%]
...................................................................      [ 39%]
tests\unit\easy_mode\test_if_routes_graph.py .                           [ 39%]
tests\unit\easy_mode\test_mediamix_audio.py .                            [ 39%]
tests\unit\easy_mode\test_mediamix_generators.py ....................... [ 39%]
..................................                                       [ 39%]
tests\unit\easy_mode\test_mediamix_manga.py .                            [ 39%]
tests\unit\easy_mode\test_mediamix_models.py ..                          [ 39%]
tests\unit\exporters\test_commercial_manuscript_exporter.py .            [ 39%]
tests\unit\fusion\test_alerts.py .                                       [ 39%]
tests\unit\fusion\test_analytics.py .                                    [ 39%]
tests\unit\fusion\test_anomaly.py ...                                    [ 39%]
tests\unit\fusion\test_arbitrator.py ...                                 [ 40%]
tests\unit\fusion\test_arbitrator_resolved.py .                          [ 40%]
tests\unit\fusion\test_collector.py .                                    [ 40%]
tests\unit\fusion\test_config.py ..                                      [ 40%]
tests\unit\fusion\test_conflict_detector.py ...                          [ 40%]
tests\unit\fusion\test_debug_cli.py .                                    [ 40%]
tests\unit\fusion\test_engine.py .                                       [ 40%]
tests\unit\fusion\test_models.py ....                                    [ 40%]
tests\unit\generation\test_local_polish_span.py ......                   [ 40%]
tests\unit\infrastructure\test_api_client_endpoints.py ................. [ 40%]
...........................................                              [ 40%]
tests\unit\infrastructure\test_book_repository_chapter_delegation.py ... [ 40%]
.......                                                                  [ 40%]
tests\unit\infrastructure\test_chapter_repository_book_scoping.py ...... [ 40%]
....                                                                     [ 41%]
tests\unit\infrastructure\test_docker_compose_valid.py ss.......         [ 41%]
tests\unit\infrastructure\test_repo_book_id_isolation.py .......         [ 41%]
tests\unit\interfaces\test_image_provider_protocol.py .......            [ 41%]
tests\unit\interfaces\test_plugin_protocol.py .......                    [ 41%]
tests\unit\llm\test_gateway_resilience_branches.py ..................... [ 41%]
..............................................                           [ 42%]
tests\unit\llm\test_unified_genai_sdk.py ..                              [ 42%]
tests\unit\llm_clients\test_api_clients.py ....................          [ 42%]
tests\unit\marketing\test_catchphrase_scorer.py ............             [ 42%]
tests\unit\marketing\test_ctr_scorer.py ...                              [ 42%]
tests\unit\marketing\test_marketing_ctr_router.py .                      [ 42%]
tests\unit\marketing\test_trend_syntax.py ...                            [ 42%]
tests\unit\marketing\test_viral_title_agent.py .                         [ 42%]
tests\unit\models\test_base_normalization.py ...............             [ 42%]
tests\unit\models\test_billing_context_scene.py ...............          [ 42%]
tests\unit\models\test_plot_models_extra.py ............................ [ 43%]
.........................................................                [ 43%]
tests\unit\multiTenancy\test_tenant_isolation.py ..                      [ 43%]
tests\unit\narrative\test_subtext_rules_extra.py ....................... [ 43%]
................................................                         [ 44%]
tests\unit\narrative_balancer\test_arbitrator_cli.py .........           [ 44%]
tests\unit\narrative_balancer\test_csp_cli.py ........                   [ 44%]
tests\unit\narrative_balancer\test_dsp_cli.py ........                   [ 44%]
tests\unit\narrative_balancer\test_earley_incremental.py ............... [ 44%]
..                                                                       [ 44%]
tests\unit\narrative_balancer\test_grammar_cli.py ........               [ 44%]
tests\unit\narrative_balancer\test_remaining_coverage.py ............... [ 45%]
................................................                         [ 45%]
tests\unit\nlp\test_predicate_analyzer_fallback.py ..                    [ 45%]
tests\unit\nlp\test_predicate_analyzer_mention_only.py .                 [ 45%]
tests\unit\nlp\test_predicate_analyzer_resolved.py .                     [ 45%]
tests\unit\nlp\test_predicate_scorer.py .....                            [ 45%]
tests\unit\pipeline\test_aggregator.py ........                          [ 45%]
tests\unit\pipeline\test_character_dict.py .....                         [ 45%]
tests\unit\pipeline\test_character_extractor.py ....s.                   [ 45%]
tests\unit\pipeline\test_compression_pipeline_integration.py .           [ 45%]
tests\unit\pipeline\test_emotional_residue.py ..........                 [ 45%]
tests\unit\pipeline\test_emotional_residue_extractor.py ..s              [ 45%]
tests\unit\pipeline\test_emotional_residue_integration.py ss....         [ 46%]
tests\unit\pipeline\test_nlp_init.py ss..                                [ 46%]
tests\unit\pipeline\test_patch_pipeline_integration.py ....              [ 46%]
tests\unit\pipeline\test_plan_step_coarse_fine.py ....                   [ 46%]
tests\unit\pipeline\test_prompt_builder.py ....                          [ 46%]
tests\unit\pipeline\test_prompt_builder_fused.py .                       [ 46%]
tests\unit\pipeline\test_rule_engine_stage.py ......                     [ 46%]
tests\unit\pipeline\test_signal_extractor.py ...ss....                   [ 46%]
tests\unit\pipeline\test_write_step_coarse_fine.py ....                  [ 46%]
tests\unit\planning\test_beat_sheet_foreshadowing_contract.py ..         [ 46%]
tests\unit\planning\test_beat_sheet_rules.py ...                         [ 46%]
tests\unit\planning\test_writing_metadata_schema.py ...                  [ 46%]
tests\unit\plugins\test_multimedia_plugin.py ......                      [ 46%]
tests\unit\plugins\test_plugin_implementations.py ...............        [ 46%]
tests\unit\plugins\test_voicevox_pipeline.py ...........                 [ 46%]
tests\unit\prompts\test_coarse_fine_templates.py ....                    [ 46%]
tests\unit\prompts\test_manager_coarse_fine.py ..                        [ 46%]
tests\unit\publishers\test_base.py ...................                   [ 47%]
tests\unit\publishers\test_credentials.py ............                   [ 47%]
tests\unit\publishers\test_kakuyomu.py ...........                       [ 47%]
tests\unit\publishers\test_kakuyomu_publisher.py ............            [ 47%]
tests\unit\publishers\test_kindle.py ..........                          [ 47%]
tests\unit\publishers\test_kobo.py ..........                            [ 47%]
tests\unit\publishers\test_narou.py .........                            [ 47%]
tests\unit\publishers\test_narou_coverage.py ..s.................        [ 47%]
tests\unit\routers\test_auth_jwt_security.py .....                       [ 47%]
tests\unit\routers\test_cost.py ....                                     [ 48%]
tests\unit\routers\test_router_billing_webhook.py .                      [ 48%]
tests\unit\routers\test_router_branches.py ....                          [ 48%]
tests\unit\routers\test_router_branches_comprehensive.py ............... [ 48%]
...............                                                          [ 48%]
tests\unit\routers\test_router_branches_coverage.py ...................  [ 48%]
tests\unit\routers\test_router_branches_decorator_http.py ........       [ 48%]
tests\unit\routers\test_router_branches_deep.py ......                   [ 48%]
tests\unit\routers\test_router_branches_ownership.py ....                [ 48%]
tests\unit\routers\test_router_branches_stats.py ............            [ 48%]
tests\unit\routers\test_router_collab_hooks.py ...                       [ 48%]
tests\unit\routers\test_router_e2e_smoke.py .....                        [ 48%]
tests\unit\routers\test_router_novel_coverage.py ....................... [ 49%]
                                                                         [ 49%]
tests\unit\routers\test_router_orchestrated.py ..                        [ 49%]
tests\unit\routers\test_router_patches_coverage.py ..................... [ 49%]
........                                                                 [ 49%]
tests\unit\routers\test_router_system_coverage.py ................       [ 49%]
tests\unit\routers\test_sanitizer_rules.py .....                         [ 49%]
tests\unit\rules\test_conditions.py .......                              [ 49%]
tests\unit\rules\test_debug_cli.py ...........                           [ 49%]
tests\unit\rules\test_emotional_rules.py ......                          [ 50%]
tests\unit\rules\test_engine.py ..........                               [ 50%]
tests\unit\rules\test_engine_episode_decay.py ....                       [ 50%]
tests\unit\rules\test_plot_events.py .......                             [ 50%]
tests\unit\rules\test_rule_loader.py ......                              [ 50%]
tests\unit\rules\test_state_machine.py ...........                       [ 50%]
tests\unit\rules\test_watcher.py .....                                   [ 50%]
tests\unit\services\audit\test_aggregator_svc.py ....................... [ 50%]
...                                                                      [ 50%]
tests\unit\services\auditors\test_hybrid_and_cliff.py .................. [ 50%]
..                                                                       [ 50%]
tests\unit\services\compression\test_compression_core.py ............... [ 51%]
..............                                                           [ 51%]
tests\unit\services\compression\test_compression_layers.py ............. [ 51%]
....................................                                     [ 51%]
tests\unit\services\context_compression\test_digest_and_rolling.py ..... [ 51%]
..................                                                       [ 51%]
tests\unit\services\exporters\test_base.py .........................     [ 52%]
tests\unit\services\exporters\test_base_exporters_ext.py ............... [ 52%]
........................................................................ [ 53%]
......................................................                   [ 53%]
tests\unit\services\exporters\test_commercial_epub_builders.py ......... [ 53%]
.......................                                                  [ 53%]
tests\unit\services\exporters\test_epub_helper_modules.py .............. [ 54%]
......................................................                   [ 54%]
tests\unit\services\exporters\test_epub_manifest_builder.py ............ [ 54%]
......................................                                   [ 55%]
tests\unit\services\foreshadowing\test_anchors.py ........               [ 55%]
tests\unit\services\foreshadowing\test_cascade_reschedule.py ........    [ 55%]
tests\unit\services\foreshadowing\test_causal_dag.py ................... [ 55%]
                                                                         [ 55%]
tests\unit\services\foreshadowing\test_flags.py ....                     [ 55%]
tests\unit\services\foreshadowing\test_planner_w5_horizon_anchor.py .... [ 55%]
.......                                                                  [ 55%]
tests\unit\services\foreshadowing\test_relevance.py ..........           [ 55%]
tests\unit\services\formatters\test_platform_copy_formatter.py ......... [ 55%]
........                                                                 [ 55%]
tests\unit\services\formatters\test_platform_packager.py ...........     [ 56%]
tests\unit\services\illustration\test_illustration_clients.py .......... [ 56%]
...........................................................              [ 56%]
tests\unit\services\illustration\test_illustration_prompts_services.py . [ 56%]
........................................................................ [ 57%]
.                                                                        [ 57%]
tests\unit\services\llm\test_llm_adapters_extra.py ..................... [ 57%]
.....................                                                    [ 58%]
tests\unit\services\manga\test_manga_pipeline_orchestration.py ......... [ 58%]
.............................                                            [ 58%]
tests\unit\services\manga\test_manga_pipeline_parts.py ................. [ 58%]
............                                                             [ 58%]
tests\unit\services\marketing\test_marketing_scoring.py ..............   [ 58%]
tests\unit\services\nlp\test_nlp_services.py .........................   [ 59%]
tests\unit\services\prefetch\test_prefetch_cancellation.py .......       [ 59%]
tests\unit\services\prefetch\test_rag_prefetch_null_coro.py .....        [ 59%]
tests\unit\services\prefetch\test_rag_prefetch_static_only.py ........   [ 59%]
tests\unit\services\prefetch\test_registry.py .........                  [ 59%]
tests\unit\services\prefetch\test_semantic_prefetch_disabled.py ........ [ 59%]
                                                                         [ 59%]
tests\unit\services\prose\test_prose_helpers.py ...................      [ 59%]
tests\unit\services\test_audio_adapters.py ...........                   [ 59%]
tests\unit\services\test_audit_and_hook_services.py .............        [ 59%]
tests\unit\services\test_audit_service.py ....                           [ 59%]
tests\unit\services\test_auto_pipeline_service.py ...........            [ 60%]
tests\unit\services\test_bible_planting_hook.py ........                 [ 60%]
tests\unit\services\test_bible_service.py ...                            [ 60%]
tests\unit\services\test_bible_service_coverage.py ..................... [ 60%]
.............                                                            [ 60%]
tests\unit\services\test_bible_service_extended.py ..................... [ 60%]
.............................................                            [ 61%]
tests\unit\services\test_blind_review_gate.py .                          [ 61%]
tests\unit\services\test_book_score_calculator.py ...................... [ 61%]
                                                                         [ 61%]
tests\unit\services\test_book_score_calculator_coverage.py ............. [ 61%]
............................                                             [ 61%]
tests\unit\services\test_book_score_service_branches.py ................ [ 62%]
........................................................................ [ 62%]
..............................                                           [ 63%]
tests\unit\services\test_book_score_service_deep.py ..............       [ 63%]
tests\unit\services\test_cadence_compound_merge.py ..................... [ 63%]
.............................                                            [ 63%]
tests\unit\services\test_circuit_breaker.py .                            [ 63%]
tests\unit\services\test_coarse_fine_expander.py .....                   [ 63%]
tests\unit\services\test_commercial_epub_builder.py .......              [ 63%]
tests\unit\services\test_conflict_report_service.py .................... [ 64%]
..                                                                       [ 64%]
tests\unit\services\test_content_processor.py ..                         [ 64%]
tests\unit\services\test_cost_budget_guard.py ..                         [ 64%]
tests\unit\services\test_editor_autosave.py .                            [ 64%]
tests\unit\services\test_ensemble_judge_matrix.py ....                   [ 64%]
tests\unit\services\test_episode_context.py ..........                   [ 64%]
tests\unit\services\test_episode_context_3layer.py ..........            [ 64%]
tests\unit\services\test_episode_context_and_afterglow.py .............. [ 64%]
....                                                                     [ 64%]
tests\unit\services\test_episode_context_session_resolution.py .......   [ 64%]
tests\unit\services\test_exporters_stream_contract.py ..........         [ 64%]
tests\unit\services\test_foreshadowing_contract_service.py ..            [ 64%]
tests\unit\services\test_foreshadowing_pipeline.py ..................    [ 64%]
tests\unit\services\test_foreshadowing_planting.py ..................... [ 65%]
..........                                                               [ 65%]
tests\unit\services\test_foreshadowing_scope.py ...                      [ 65%]
tests\unit\services\test_foreshadowing_service_ensemble.py ...           [ 65%]
tests\unit\services\test_graphrag_sync_service.py ...................... [ 65%]
...                                                                      [ 65%]
tests\unit\services\test_hook_diagnoser.py .....                         [ 65%]
tests\unit\services\test_illustration_service.py .                       [ 65%]
tests\unit\services\test_image_adapters.py .............                 [ 65%]
tests\unit\services\test_in_memory_chroma_fallback.py ..............     [ 65%]
tests\unit\services\test_learning_data_service.py ...................... [ 66%]
...                                                                      [ 66%]
tests\unit\services\test_local_polisher_llm_injection.py .........       [ 66%]
tests\unit\services\test_marketing.py ....                               [ 66%]
tests\unit\services\test_novel_output_splitter.py .....                  [ 66%]
tests\unit\services\test_paragraph_indexer_offsets.py ....               [ 66%]
tests\unit\services\test_pipeline_steps_coverage.py .................... [ 66%]
.....................                                                    [ 66%]
tests\unit\services\test_pipeline_steps_deep.py .....                    [ 66%]
tests\unit\services\test_pipeline_steps_extended.py .................... [ 67%]
...........................................................              [ 67%]
tests\unit\services\test_platform_copy_formatter.py .....                [ 67%]
tests\unit\services\test_prompt_version_service.py .                     [ 67%]
tests\unit\services\test_redis_cache_crud.py ..                          [ 67%]
tests\unit\services\test_redis_cache_fallback.py .                       [ 67%]
tests\unit\services\test_resilience_health_behavior.py .....             [ 67%]
tests\unit\services\test_resilient_writing_loop.py .                     [ 67%]
tests\unit\services\test_retry_decorator.py ...                          [ 67%]
tests\unit\services\test_rolling_context.py ............                 [ 68%]
tests\unit\services\test_rule_based_metrics.py ..                        [ 68%]
tests\unit\services\test_script_watcher.py .........                     [ 68%]
tests\unit\services\test_semantic_cache.py ................              [ 68%]
tests\unit\services\test_services_integration.py .                       [ 68%]
tests\unit\services\test_social_reaction_generator.py ....               [ 68%]
tests\unit\services\test_span_patch_applier.py .......                   [ 68%]
tests\unit\services\test_stripe_payment.py .                             [ 68%]
tests\unit\services\test_targeted_diagnostic.py ....                     [ 68%]
tests\unit\services\test_tense_analyzer.py .                             [ 68%]
tests\unit\services\test_token_circuit_breaker.py .....                  [ 68%]
tests\unit\services\test_v6_cost_tracking.py .......................     [ 68%]
tests\unit\services\test_vector_store.py .                               [ 68%]
tests\unit\services\test_vector_store_deep.py ....                       [ 68%]
tests\unit\services\test_vector_store_facade.py .......s                 [ 68%]
tests\unit\services\test_vector_store_package_full.py ..............     [ 69%]
tests\unit\services\test_writing_context_builder.py .                    [ 69%]
tests\unit\services\test_writing_response_parser.py .                    [ 69%]
tests\unit\services\vector_store\test_chroma_store.py .................. [ 69%]
.......................................................................  [ 69%]
tests\unit\services\vector_store\test_in_memory_store.py ............... [ 70%]
................................................................         [ 70%]
tests\unit\services\vector_store\test_pgvector_store.py ................ [ 70%]
...............................................                          [ 71%]
tests\unit\shared\test_core_utils.py ..............                      [ 71%]
tests\unit\stores\test_conflict_store_extra.py .......                   [ 71%]
tests\unit\stores\test_event_log.py .......                              [ 71%]
tests\unit\stores\test_graph_store.py ......                             [ 71%]
tests\unit\stores\test_graph_store_extra.py ............................ [ 72%]
                                                                         [ 72%]
tests\unit\stores\test_vector_store.py ......                            [ 72%]
tests\unit\story_spine\test_beat_vocabulary.py .........                 [ 72%]
tests\unit\story_spine\test_datasets.py .............                    [ 72%]
tests\unit\story_spine\test_removed_definitions.py ........              [ 72%]
tests\unit\story_spine\test_resolver_combinatorial.py ........           [ 72%]
tests\unit\story_spine\test_resolver_compression.py .................... [ 72%]
........................................................................ [ 73%]
                                                                         [ 73%]
tests\unit\story_spine\test_resolver_market_contracts.py ............... [ 73%]
...........................                                              [ 73%]
tests\unit\story_spine\test_resolver_no_llm.py .....                     [ 73%]
tests\unit\story_spine\test_resolver_no_silent_drop.py ................. [ 74%]
...........s...s.................................s...s.................. [ 74%]
...............s...s.................................s...s.............. [ 75%]
...................s...s.................................s...s.......... [ 76%]
.......................s...s.................................s...s...... [ 77%]
.............                                                            [ 77%]
tests\unit\story_spine\test_resolver_relative.py ....................... [ 77%]
.........                                                                [ 77%]
tests\unit\story_spine\test_validator_pattern.py ..........              [ 77%]
tests\unit\story_spine\test_validator_span_source.py ..................  [ 77%]
tests\unit\story_spine_wiring\test_commercial_planning_spine.py .......  [ 77%]
tests\unit\story_spine_wiring\test_dto_and_volume.py .....               [ 77%]
tests\unit\story_spine_wiring\test_genre_pattern_mapping.py .....        [ 78%]
tests\unit\story_spine_wiring\test_genre_tables_merged.py .......        [ 78%]
tests\unit\story_spine_wiring\test_plots_beat_expansion.py ....          [ 78%]
tests\unit\story_spine_wiring\test_reverse_plot_arc_ranges.py .......... [ 78%]
............................................                             [ 78%]
tests\unit\story_spine_wiring\test_reverse_plot_uses_spine.py ........   [ 78%]
tests\unit\templates\test_emotional_context.py ...                       [ 78%]
tests\unit\templates\test_final_writing_prompt.py ...                    [ 78%]
tests\unit\templates\test_fused_context.py .                             [ 78%]
tests\unit\test_actionable_diff_parsing.py ..                            [ 78%]
tests\unit\test_anti_ai_config.py .............                          [ 79%]
tests\unit\test_api_client.py .......................................... [ 79%]
........                                                                 [ 79%]
tests\unit\test_arbitrator_adapters.py ..                                [ 79%]
tests\unit\test_arbitrator_models.py ..                                  [ 79%]
tests\unit\test_asset_pack.py ..                                         [ 79%]
tests\unit\test_asset_pack_deep.py .................                     [ 79%]
tests\unit\test_audio_emotion_mapper.py .........................        [ 80%]
tests\unit\test_audio_storage_combiner.py ...                            [ 80%]
tests\unit\test_audit_aggregator.py ..............                       [ 80%]
tests\unit\test_audit_aggregator_adapter.py .....                        [ 80%]
tests\unit\test_audit_anchors.py ...                                     [ 80%]
tests\unit\test_audit_routing_cost.py ....                               [ 80%]
tests\unit\test_auditor_actionable_diffs.py ...                          [ 80%]
tests\unit\test_auditor_model_router.py ........                         [ 80%]
tests\unit\test_auth_middleware.py ......                                [ 80%]
tests\unit\test_bias_correction.py .............                         [ 80%]
tests\unit\test_bible_service_deep.py .....                              [ 80%]
tests\unit\test_blind_review.py .......................................  [ 81%]
tests\unit\test_blind_review_purifier.py ....                            [ 81%]
tests\unit\test_book_mapper.py ..                                        [ 81%]
tests\unit\test_book_score_api.py ....                                   [ 81%]
tests\unit\test_book_score_mapping.py .......                            [ 81%]
tests\unit\test_book_score_service.py ......................             [ 81%]
tests\unit\test_branch_merge_commit.py ...                               [ 81%]
tests\unit\test_calibrated_aggregator.py .....                           [ 81%]
tests\unit\test_causality_audit.py .........................             [ 81%]
tests\unit\test_character_continuity_coverage.py ....................... [ 82%]
......                                                                   [ 82%]
tests\unit\test_character_voice_linter.py .                              [ 82%]
tests\unit\test_chunk_ingestion.py ...                                   [ 82%]
tests\unit\test_circuit_breaker.py .....                                 [ 82%]
tests\unit\test_closed_loop_pdca.py ...                                  [ 82%]
tests\unit\test_collab_merge.py ..........                               [ 82%]
tests\unit\test_commercial_benchmarks.py .....                           [ 82%]
tests\unit\test_commercial_epub_bundle.py ...                            [ 82%]
tests\unit\test_commercial_prompts.py ............                       [ 82%]
tests\unit\test_commercial_schedule.py ........                          [ 82%]
tests\unit\test_compression_consistency_metrics.py .                     [ 82%]
tests\unit\test_compression_di_injection.py ........                     [ 82%]
tests\unit\test_compression_pipeline.py ..                               [ 82%]
tests\unit\test_config_keys.py .....                                     [ 82%]
tests\unit\test_config_ssot.py ...                                       [ 82%]
tests\unit\test_consistency_creativity_windowing.py ..                   [ 82%]
tests\unit\test_consistency_factual_auditors_llm.py ....                 [ 82%]
tests\unit\test_container.py ...                                         [ 82%]
tests\unit\test_context_aware_scene_detection.py .                       [ 82%]
tests\unit\test_context_builder_compression.py .........                 [ 83%]
tests\unit\test_context_builder_social.py ....                           [ 83%]
tests\unit\test_cost_budget_guard.py .....                               [ 83%]
tests\unit\test_cost_optimization_pricing.py ........                    [ 83%]
tests\unit\test_creativity_style_auditors_llm.py .....                   [ 83%]
tests\unit\test_credit_race_condition.py .                               [ 83%]
tests\unit\test_csp_config.py ..                                         [ 83%]
tests\unit\test_csp_models.py ..                                         [ 83%]
tests\unit\test_dag.py ...                                               [ 83%]
tests\unit\test_dag_engine.py ....                                       [ 83%]
tests\unit\test_dag_persistence.py ......                                [ 83%]
tests\unit\test_dag_replanning.py ...                                    [ 83%]
tests\unit\test_dag_scheduler.py ........                                [ 83%]
tests\unit\test_dag_scheduler_part5.py ....                              [ 83%]
tests\unit\test_dag_scheduler_part5_advanced.py ......                   [ 83%]
tests\unit\test_dag_scheduler_replanning.py ...                          [ 83%]
tests\unit\test_deprecation_delegation.py ..                             [ 83%]
tests\unit\test_detector.py ...........                                  [ 83%]
tests\unit\test_digest_and_promotion.py ..                               [ 83%]
tests\unit\test_digest_service.py .......                                [ 83%]
tests\unit\test_dp_table.py ..                                           [ 83%]
tests\unit\test_dsp_config.py ..                                         [ 83%]
tests\unit\test_dsp_models.py ...                                        [ 83%]
tests\unit\test_dsp_ports.py .                                           [ 83%]
tests\unit\test_dynamic_taxonomy.py ....                                 [ 84%]
tests\unit\test_easy_mode_optin.py ......                                [ 84%]
tests\unit\test_easy_mode_router.py ................                     [ 84%]
tests\unit\test_easymode_compression.py ...........                      [ 84%]
tests\unit\test_ebook_export.py ....                                     [ 84%]
tests\unit\test_ebook_export_deep.py ...................                 [ 84%]
tests\unit\test_editor_assist_service.py ....                            [ 84%]
tests\unit\test_editor_models.py ......                                  [ 84%]
tests\unit\test_editor_router.py .......                                 [ 84%]
tests\unit\test_editorial_assistant_service.py ...                       [ 84%]
tests\unit\test_embedding_cache.py ........                              [ 84%]
tests\unit\test_embedding_service_batch.py .....                         [ 84%]
tests\unit\test_engine_context_deep.py ...................               [ 85%]
tests\unit\test_enrichment_agent_llm.py ..                               [ 85%]
tests\unit\test_enrichment_citations.py .........                        [ 85%]
tests\unit\test_enrichment_multimedia.py .................               [ 85%]
tests\unit\test_enrichment_phase4_step55_60.py ......                    [ 85%]
tests\unit\test_enrichment_sensory.py .............                      [ 85%]
tests\unit\test_enrichment_trivia.py ........                            [ 85%]
tests\unit\test_episode_postprocess_session.py ......................... [ 85%]
...........                                                              [ 86%]
tests\unit\test_epub_commercial.py ..                                    [ 86%]
tests\unit\test_epub_illustrations.py ..                                 [ 86%]
tests\unit\test_erotic_baseline.py ..............                        [ 86%]
tests\unit\test_erotic_enhanced.py ......                                [ 86%]
tests\unit\test_erotic_evaluators.py ..                                  [ 86%]
tests\unit\test_erotic_integrity_facade.py ..                            [ 86%]
tests\unit\test_error_handlers.py ....                                   [ 86%]
tests\unit\test_errors.py ..........                                     [ 86%]
tests\unit\test_experiment_allocator.py ............                     [ 86%]
tests\unit\test_export_zip.py .                                          [ 86%]
tests\unit\test_exporters_full.py .........                              [ 86%]
tests\unit\test_extraction_service.py ....                               [ 86%]
tests\unit\test_fallback_unified.py ..............................       [ 87%]
tests\unit\test_fallback_utils.py ...........................            [ 87%]
tests\unit\test_feature_flags.py .....                                   [ 87%]
tests\unit\test_foreshadowing_retriever.py ..............                [ 87%]
tests\unit\test_four_layer_compression.py ................               [ 87%]
tests\unit\test_gemini_unified_client.py .                               [ 87%]
tests\unit\test_generation_tasks.py .....                                [ 87%]
tests\unit\test_grammar_symbols.py ...                                   [ 87%]
tests\unit\test_graphrag.py ...................                          [ 88%]
tests\unit\test_health_checks.py .....                                   [ 88%]
tests\unit\test_health_checks_deep.py .......                            [ 88%]
tests\unit\test_health_endpoints.py ..                                   [ 88%]
tests\unit\test_hook_emotion_auditors_llm.py .....                       [ 88%]
tests\unit\test_huey_queue.py .....                                      [ 88%]
tests\unit\test_hybrid_retriever.py ....                                 [ 88%]
tests\unit\test_if_routes.py ......                                      [ 88%]
tests\unit\test_in_memory_fallback_enhanced.py ..                        [ 88%]
tests\unit\test_in_memory_fallback_store.py ......                       [ 88%]
tests\unit\test_japanese_tokenizer.py ....                               [ 88%]
tests\unit\test_jwt_security.py ....                                     [ 88%]
tests\unit\test_keyphrase_extractors.py ....................             [ 88%]
tests\unit\test_layer3_dynamic_abstraction.py ....                       [ 88%]
tests\unit\test_layer3_reversible_abstraction.py .                       [ 88%]
tests\unit\test_layer4_multiscene.py ...                                 [ 88%]
tests\unit\test_llm_factory.py ...........                               [ 88%]
tests\unit\test_llm_media_mix.py ..........                              [ 89%]
tests\unit\test_llm_resilient_gateway.py ............                    [ 89%]
tests\unit\test_logging_config.py ............                           [ 89%]
tests\unit\test_logging_masking.py ..................                    [ 89%]
tests\unit\test_manifest_pipeline.py ....                                [ 89%]
tests\unit\test_marketing_agent.py .....                                 [ 89%]
tests\unit\test_media_mix.py .....                                       [ 89%]
tests\unit\test_media_script_agent.py ...........                        [ 89%]
tests\unit\test_metrics_collector.py ...                                 [ 89%]
tests\unit\test_mock_adapter.py ...                                      [ 89%]
tests\unit\test_models.py ..                                             [ 89%]
tests\unit\test_multimedia_real_db.py ...                                [ 89%]
tests\unit\test_multimedia_schemas.py .......                            [ 89%]
tests\unit\test_multimedia_service.py ........                           [ 89%]
tests\unit\test_multimedia_storage.py ...                                [ 90%]
tests\unit\test_multimedia_tasks.py .                                    [ 90%]
tests\unit\test_narrative_spine_enforcement.py .                         [ 90%]
tests\unit\test_next_beats_service.py ..                                 [ 90%]
tests\unit\test_next_episode_suggestions.py .                            [ 90%]
tests\unit\test_novel_section_extractor.py .......                       [ 90%]
tests\unit\test_numa_topology.py ......                                  [ 90%]
tests\unit\test_openai_adapter.py .....                                  [ 90%]
tests\unit\test_openai_unified_client.py ..                              [ 90%]
tests\unit\test_opening_booster_cliffhanger.py ..                        [ 90%]
tests\unit\test_orchestrator_backtrack.py .......                        [ 90%]
tests\unit\test_orchestrator_skills.py ....                              [ 90%]
tests\unit\test_p1_crash_and_security.py .....                           [ 90%]
tests\unit\test_p1_fixes.py ...                                          [ 90%]
tests\unit\test_p4_async_and_db_concurrency.py ................          [ 90%]
tests\unit\test_paragraph_patch_pdca.py .                                [ 90%]
tests\unit\test_pdca_directive.py .....                                  [ 90%]
tests\unit\test_pdca_writing_agent.py ....                               [ 90%]
tests\unit\test_pgvector_store.py ........                               [ 90%]
tests\unit\test_phase3_exceptions.py ........                            [ 90%]
tests\unit\test_phase3_fixtures.py ........                              [ 90%]
tests\unit\test_pipeline_websocket.py ..                                 [ 91%]
tests\unit\test_planning_writing_integration.py ...                      [ 91%]
tests\unit\test_platform_formatter.py ........                           [ 91%]
tests\unit\test_platform_formatters.py ...                               [ 91%]
tests\unit\test_plot_models.py ....                                      [ 91%]
tests\unit\test_priority_resolver.py .                                   [ 91%]
tests\unit\test_problem_details.py .                                     [ 91%]
tests\unit\test_prompt_caching.py ..                                     [ 91%]
tests\unit\test_prompt_caching_and_router.py .....                       [ 91%]
tests\unit\test_prompt_comparison.py ...                                 [ 91%]
tests\unit\test_prompt_manager_bundling.py .........                     [ 91%]
tests\unit\test_prompt_registry.py ..                                    [ 91%]
tests\unit\test_prompt_version_service.py ..                             [ 91%]
tests\unit\test_proposal_isolation.py ....                               [ 91%]
tests\unit\test_publishing_assistant.py .....                            [ 91%]
tests\unit\test_query_reformulator.py ....                               [ 91%]
tests\unit\test_rag_prefetch_service.py ...                              [ 91%]
tests\unit\test_rag_service.py ............                              [ 91%]
tests\unit\test_reader_hook_windowing.py ..                              [ 91%]
tests\unit\test_redis_cache.py ................................          [ 92%]
tests\unit\test_reflective_rag.py ...........                            [ 92%]
tests\unit\test_reflective_rag_semantic.py ...                           [ 92%]
tests\unit\test_regeneration_directive_integration.py ..                 [ 92%]
tests\unit\test_relational_memory.py .                                   [ 92%]
tests\unit\test_repository.py ..........                                 [ 92%]
tests\unit\test_repository_concurrency.py ..                             [ 92%]
tests\unit\test_reranker.py ....                                         [ 92%]
tests\unit\test_resilience_config.py ..........                          [ 92%]
tests\unit\test_resilient_http.py ...........                            [ 92%]
tests\unit\test_resource_manager.py ....                                 [ 92%]
tests\unit\test_retry.py ...........                                     [ 92%]
tests\unit\test_retry_policy.py ....                                     [ 92%]
tests\unit\test_review_session.py ..............                         [ 92%]
tests\unit\test_ruby_tcy_parsers.py ....                                 [ 93%]
tests\unit\test_safe_replace.py ...                                      [ 93%]
tests\unit\test_sanitizer.py ........................................... [ 93%]
..................                                                       [ 93%]
tests\unit\test_scene_continuity_coverage.py ........................... [ 93%]
...............................................                          [ 94%]
tests\unit\test_scheduling_policies.py .......                           [ 94%]
tests\unit\test_score_calibrator.py .......                              [ 94%]
tests\unit\test_security_patches.py .....                                [ 94%]
tests\unit\test_security_rbac_owner.py .....                             [ 94%]
tests\unit\test_semantic_cache.py ....................                   [ 94%]
tests\unit\test_sensory_async.py .......                                 [ 94%]
tests\unit\test_sensory_grammar_preservation.py ................         [ 95%]
tests\unit\test_series_loader.py ....                                    [ 95%]
tests\unit\test_series_serializer.py ..                                  [ 95%]
tests\unit\test_skill_base.py .....                                      [ 95%]
tests\unit\test_skill_metrics.py ...                                     [ 95%]
tests\unit\test_skill_versioning.py .....                                [ 95%]
tests\unit\test_smart_prose_refiner.py ....                              [ 95%]
tests\unit\test_social_interaction.py .........                          [ 95%]
tests\unit\test_social_manager_async.py .....                            [ 95%]
tests\unit\test_social_repository.py ....                                [ 95%]
tests\unit\test_specialist_actionable_diffs.py ......                    [ 95%]
tests\unit\test_specialist_auditors.py ..........................        [ 95%]
tests\unit\test_specialist_auditors_llm.py ...                           [ 95%]
tests\unit\test_specialist_base_llm.py ...                               [ 95%]
tests\unit\test_spectral_flatness.py ...                                 [ 95%]
tests\unit\test_spi.py ......                                            [ 96%]
tests\unit\test_sqlite_rag_embedding.py ..                               [ 96%]
tests\unit\test_state_and_resilience.py .....ss.................         [ 96%]
tests\unit\test_step25_26.py ..                                          [ 96%]
tests\unit\test_structure_emotion_windowing.py ..                        [ 96%]
tests\unit\test_structure_multimodal_auditors_llm.py ......              [ 96%]
tests\unit\test_structure_validator.py ....                              [ 96%]
tests\unit\test_sudachi_tokenizer.py ......................              [ 96%]
tests\unit\test_synthesizer_emotions.py ............                     [ 96%]
tests\unit\test_text_chunker.py ..                                       [ 96%]
tests\unit\test_token_tracker.py .                                       [ 96%]
tests\unit\test_trivia_rewrite.py ......                                 [ 96%]
tests\unit\test_ui_store.py ......................................       [ 97%]
tests\unit\test_unified_auditor_llm.py ........                          [ 97%]
tests\unit\test_unified_book_score.py .....                              [ 97%]
tests\unit\test_unified_llm_interface.py .                               [ 97%]
tests\unit\test_unit_result.py .............                             [ 97%]
tests\unit\test_uow_repositories.py ..                                   [ 97%]
tests\unit\test_utils.py ..............                                  [ 97%]
tests\unit\test_v5_foreshadowing_promotion_sync.py .                     [ 97%]
tests\unit\test_vector_store.py ..................                       [ 97%]
tests\unit\test_voicevox_pipeline.py .....                               [ 97%]
tests\unit\test_webhook_idempotency.py ..                                [ 97%]
tests\unit\test_weight_variants.py ........................              [ 98%]
tests\unit\test_windowed_auditors.py ......                              [ 98%]
tests\unit\test_wizard_flow.py ....                                      [ 98%]
tests\unit\test_worker_recovery.py ................                      [ 98%]
tests\unit\test_writing_service_compression.py ......                    [ 98%]
tests\unit\test_writing_services.py .........                            [ 98%]
tests\unit\test_yonkoma.py .............                                 [ 98%]
tests\unit\workflows\test_background_manager.py .                        [ 98%]
tests\unit\workflows\test_commercial_pipeline.py ...                     [ 98%]
tests\unit\workflows\test_easy_mode_pipeline.py ..                       [ 98%]
tests\unit\workflows\test_episode_writing_prefetch_wiring.py ....        [ 98%]
tests\unit\workflows\test_illustration_workflow.py .                     [ 98%]
tests\unit\workflows\test_plot_langgraph.py ..........                   [ 99%]
tests\unit\workflows\test_refine_erotic_workflow.py .                    [ 99%]
tests\unit\workflows\test_reverse_plot_workflow.py .                     [ 99%]
tests\unit\workflows\test_should_speculate.py .........                  [ 99%]
tests\unit\workflows\test_streamlined_writing_flow.py ...                [ 99%]
tests\unit\workflows\test_workflow_base_state.py .....                   [ 99%]
tests\unit\workflows\test_workflows_integration.py ...                   [ 99%]
tests\unit\workflows\test_writing_graph_flow.py ..                       [ 99%]
tests\unit\workflows\test_writing_graph_nodes.py .................       [ 99%]
tests\unit\workflows\test_writing_graph_retry.py ..............          [ 99%]
tests\unit\writing\test_beat_to_scene.py ...............                 [ 99%]
tests\unit\writing\test_cliffhanger_scorer.py ....                       [ 99%]
tests\unit\writing\test_episode_finalize_called_once.py ....             [ 99%]
tests\unit\writing\test_flaw_injection.py ..                             [ 99%]
tests\unit\writing\test_generator_opening_routing.py ..                  [ 99%]
tests\unit\writing\test_opening_booster.py ...                           [ 99%]
tests\unit\writing\test_plot_prefetch_handle.py ....                     [ 99%]
tests\unit\writing\test_prompt_composer_flaw.py .                        [ 99%]
tests\unit\writing\test_reader_hook_opening_audit.py ..                  [ 99%]
tests\utils\test_cleanup.py ....                                         [100%]

================================== FAILURES ===================================
_______________________ test_p0_harness_initialization ________________________
tests\integration\test_p0_multimedia_merge_e2e.py:220: in test_p0_harness_initialization
    assert len(branches) >= 1
E   assert 0 >= 1
E    +  where 0 = len([])
---------------------------- Captured stdout call -----------------------------
2026-10-08 14:14:27,504 INFO src.backend.database.uow [AutoNovel/testing]: [UOW] SQLite transaction committed with retry. Staged 0 Chroma adds, 0 Chroma deletes to outbox.
2026-10-08 14:14:27,505 INFO httpx [AutoNovel/testing]: HTTP Request: GET http://testserver/api/branches/1 "HTTP/1.1 200 OK"
------------------------------ Captured log call ------------------------------
INFO     src.backend.database.uow:uow.py:224 [UOW] SQLite transaction committed with retry. Staged 0 Chroma adds, 0 Chroma deletes to outbox.
INFO     httpx:_client.py:1025 HTTP Request: GET http://testserver/api/branches/1 "HTTP/1.1 200 OK"
___________________ test_real_db_multimedia_generation_e2e ____________________
tests\integration\test_p0_multimedia_merge_e2e.py:237: in test_real_db_multimedia_generation_e2e
    res = client.post("/multimedia/media-mix", json=payload)
          ^^^^^^^^^^^^^^^^^^^^^^^^^^^^^^^^^^^^^^^^^^^^^^^^^^
C:\Users\user\AppData\Local\Programs\Python\Python312\Lib\site-packages\starlette\testclient.py:546: in post
    return super().post(
C:\Users\user\AppData\Local\Programs\Python\Python312\Lib\site-packages\httpx\_client.py:1144: in post
    return self.request(
C:\Users\user\AppData\Local\Programs\Python\Python312\Lib\site-packages\starlette\testclient.py:445: in request
    return super().request(
C:\Users\user\AppData\Local\Programs\Python\Python312\Lib\site-packages\httpx\_client.py:825: in request
    return self.send(request, auth=auth, follow_redirects=follow_redirects)
           ^^^^^^^^^^^^^^^^^^^^^^^^^^^^^^^^^^^^^^^^^^^^^^^^^^^^^^^^^^^^^^^^
C:\Users\user\AppData\Local\Programs\Python\Python312\Lib\site-packages\httpx\_client.py:914: in send
    response = self._send_handling_auth(
C:\Users\user\AppData\Local\Programs\Python\Python312\Lib\site-packages\httpx\_client.py:942: in _send_handling_auth
    response = self._send_handling_redirects(
C:\Users\user\AppData\Local\Programs\Python\Python312\Lib\site-packages\httpx\_client.py:979: in _send_handling_redirects
    response = self._send_single_request(request)
               ^^^^^^^^^^^^^^^^^^^^^^^^^^^^^^^^^^
C:\Users\user\AppData\Local\Programs\Python\Python312\Lib\site-packages\httpx\_client.py:1014: in _send_single_request
    response = transport.handle_request(request)
               ^^^^^^^^^^^^^^^^^^^^^^^^^^^^^^^^^
C:\Users\user\AppData\Local\Programs\Python\Python312\Lib\site-packages\starlette\testclient.py:348: in handle_request
    raise exc
C:\Users\user\AppData\Local\Programs\Python\Python312\Lib\site-packages\starlette\testclient.py:345: in handle_request
    portal.call(self.app, scope, receive, send)
C:\Users\user\AppData\Local\Programs\Python\Python312\Lib\site-packages\anyio\from_thread.py:340: in call
    return cast(T_Retval, self.start_task_soon(func, *args).result())
                          ^^^^^^^^^^^^^^^^^^^^^^^^^^^^^^^^^^^^^^^^^^
C:\Users\user\AppData\Local\Programs\Python\Python312\Lib\concurrent\futures\_base.py:456: in result
    return self.__get_result()
           ^^^^^^^^^^^^^^^^^^^
C:\Users\user\AppData\Local\Programs\Python\Python312\Lib\concurrent\futures\_base.py:401: in __get_result
    raise self._exception
C:\Users\user\AppData\Local\Programs\Python\Python312\Lib\site-packages\anyio\from_thread.py:265: in _call_func
    retval = await retval_or_awaitable
             ^^^^^^^^^^^^^^^^^^^^^^^^^
C:\Users\user\AppData\Local\Programs\Python\Python312\Lib\site-packages\fastapi\applications.py:1160: in __call__
    await super().__call__(scope, receive, send)
C:\Users\user\AppData\Local\Programs\Python\Python312\Lib\site-packages\starlette\applications.py:107: in __call__
    await self.middleware_stack(scope, receive, send)
C:\Users\user\AppData\Local\Programs\Python\Python312\Lib\site-packages\starlette\middleware\errors.py:186: in __call__
    raise exc
C:\Users\user\AppData\Local\Programs\Python\Python312\Lib\site-packages\starlette\middleware\errors.py:164: in __call__
    await self.app(scope, receive, _send)
C:\Users\user\AppData\Local\Programs\Python\Python312\Lib\site-packages\starlette\middleware\exceptions.py:63: in __call__
    await wrap_app_handling_exceptions(self.app, conn)(scope, receive, send)
C:\Users\user\AppData\Local\Programs\Python\Python312\Lib\site-packages\starlette\_exception_handler.py:53: in wrapped_app
    raise exc
C:\Users\user\AppData\Local\Programs\Python\Python312\Lib\site-packages\starlette\_exception_handler.py:42: in wrapped_app
    await app(scope, receive, sender)
C:\Users\user\AppData\Local\Programs\Python\Python312\Lib\site-packages\fastapi\middleware\asyncexitstack.py:18: in __call__
    await self.app(scope, receive, send)
C:\Users\user\AppData\Local\Programs\Python\Python312\Lib\site-packages\starlette\routing.py:716: in __call__
    await self.middleware_stack(scope, receive, send)
C:\Users\user\AppData\Local\Programs\Python\Python312\Lib\site-packages\starlette\routing.py:736: in app
    await route.handle(scope, receive, send)
C:\Users\user\AppData\Local\Programs\Python\Python312\Lib\site-packages\starlette\routing.py:290: in handle
    await self.app(scope, receive, send)
C:\Users\user\AppData\Local\Programs\Python\Python312\Lib\site-packages\fastapi\routing.py:130: in app
    await wrap_app_handling_exceptions(app, request)(scope, receive, send)
C:\Users\user\AppData\Local\Programs\Python\Python312\Lib\site-packages\starlette\_exception_handler.py:53: in wrapped_app
    raise exc
C:\Users\user\AppData\Local\Programs\Python\Python312\Lib\site-packages\starlette\_exception_handler.py:42: in wrapped_app
    await app(scope, receive, sender)
C:\Users\user\AppData\Local\Programs\Python\Python312\Lib\site-packages\fastapi\routing.py:116: in app
    response = await f(request)
               ^^^^^^^^^^^^^^^^
C:\Users\user\AppData\Local\Programs\Python\Python312\Lib\site-packages\fastapi\routing.py:670: in app
    raw_response = await run_endpoint_function(
C:\Users\user\AppData\Local\Programs\Python\Python312\Lib\site-packages\fastapi\routing.py:324: in run_endpoint_function
    return await dependant.call(**values)
           ^^^^^^^^^^^^^^^^^^^^^^^^^^^^^^
src\backend\routers\multimedia.py:178: in generate_media_mix
    await verify_book_ownership(payload.book_id, current_user, AppContainer.db())
src\backend\security\owner_guard.py:62: in verify_book_ownership
    return await _check(session)
           ^^^^^^^^^^^^^^^^^^^^^
src\backend\security\owner_guard.py:41: in _check
    raise NotFoundError(f"çÏïiÇ™å©Ç¬Ç©ÇËÇ‹ÇπÇÒ: {book_id}", resource_type="Book", resource_id=str(book_id))
E   src.core.exceptions.base.NotFoundError: çÏïiÇ™å©Ç¬Ç©ÇËÇ‹ÇπÇÒ: 1
____________________ test_illustrated_commercial_epub_e2e _____________________
tests\integration\test_p0_multimedia_merge_e2e.py:303: in test_illustrated_commercial_epub_e2e
    res = client.post("/multimedia/ebook", json=epub_payload)
          ^^^^^^^^^^^^^^^^^^^^^^^^^^^^^^^^^^^^^^^^^^^^^^^^^^^
C:\Users\user\AppData\Local\Programs\Python\Python312\Lib\site-packages\starlette\testclient.py:546: in post
    return super().post(
C:\Users\user\AppData\Local\Programs\Python\Python312\Lib\site-packages\httpx\_client.py:1144: in post
    return self.request(
C:\Users\user\AppData\Local\Programs\Python\Python312\Lib\site-packages\starlette\testclient.py:445: in request
    return super().request(
C:\Users\user\AppData\Local\Programs\Python\Python312\Lib\site-packages\httpx\_client.py:825: in request
    return self.send(request, auth=auth, follow_redirects=follow_redirects)
           ^^^^^^^^^^^^^^^^^^^^^^^^^^^^^^^^^^^^^^^^^^^^^^^^^^^^^^^^^^^^^^^^
C:\Users\user\AppData\Local\Programs\Python\Python312\Lib\site-packages\httpx\_client.py:914: in send
    response = self._send_handling_auth(
C:\Users\user\AppData\Local\Programs\Python\Python312\Lib\site-packages\httpx\_client.py:942: in _send_handling_auth
    response = self._send_handling_redirects(
C:\Users\user\AppData\Local\Programs\Python\Python312\Lib\site-packages\httpx\_client.py:979: in _send_handling_redirects
    response = self._send_single_request(request)
               ^^^^^^^^^^^^^^^^^^^^^^^^^^^^^^^^^^
C:\Users\user\AppData\Local\Programs\Python\Python312\Lib\site-packages\httpx\_client.py:1014: in _send_single_request
    response = transport.handle_request(request)
               ^^^^^^^^^^^^^^^^^^^^^^^^^^^^^^^^^
C:\Users\user\AppData\Local\Programs\Python\Python312\Lib\site-packages\starlette\testclient.py:348: in handle_request
    raise exc
C:\Users\user\AppData\Local\Programs\Python\Python312\Lib\site-packages\starlette\testclient.py:345: in handle_request
    portal.call(self.app, scope, receive, send)
C:\Users\user\AppData\Local\Programs\Python\Python312\Lib\site-packages\anyio\from_thread.py:340: in call
    return cast(T_Retval, self.start_task_soon(func, *args).result())
                          ^^^^^^^^^^^^^^^^^^^^^^^^^^^^^^^^^^^^^^^^^^
C:\Users\user\AppData\Local\Programs\Python\Python312\Lib\concurrent\futures\_base.py:456: in result
    return self.__get_result()
           ^^^^^^^^^^^^^^^^^^^
C:\Users\user\AppData\Local\Programs\Python\Python312\Lib\concurrent\futures\_base.py:401: in __get_result
    raise self._exception
C:\Users\user\AppData\Local\Programs\Python\Python312\Lib\site-packages\anyio\from_thread.py:265: in _call_func
    retval = await retval_or_awaitable
             ^^^^^^^^^^^^^^^^^^^^^^^^^
C:\Users\user\AppData\Local\Programs\Python\Python312\Lib\site-packages\fastapi\applications.py:1160: in __call__
    await super().__call__(scope, receive, send)
C:\Users\user\AppData\Local\Programs\Python\Python312\Lib\site-packages\starlette\applications.py:107: in __call__
    await self.middleware_stack(scope, receive, send)
C:\Users\user\AppData\Local\Programs\Python\Python312\Lib\site-packages\starlette\middleware\errors.py:186: in __call__
    raise exc
C:\Users\user\AppData\Local\Programs\Python\Python312\Lib\site-packages\starlette\middleware\errors.py:164: in __call__
    await self.app(scope, receive, _send)
C:\Users\user\AppData\Local\Programs\Python\Python312\Lib\site-packages\starlette\middleware\exceptions.py:63: in __call__
    await wrap_app_handling_exceptions(self.app, conn)(scope, receive, send)
C:\Users\user\AppData\Local\Programs\Python\Python312\Lib\site-packages\starlette\_exception_handler.py:53: in wrapped_app
    raise exc
C:\Users\user\AppData\Local\Programs\Python\Python312\Lib\site-packages\starlette\_exception_handler.py:42: in wrapped_app
    await app(scope, receive, sender)
C:\Users\user\AppData\Local\Programs\Python\Python312\Lib\site-packages\fastapi\middleware\asyncexitstack.py:18: in __call__
    await self.app(scope, receive, send)
C:\Users\user\AppData\Local\Programs\Python\Python312\Lib\site-packages\starlette\routing.py:716: in __call__
    await self.middleware_stack(scope, receive, send)
C:\Users\user\AppData\Local\Programs\Python\Python312\Lib\site-packages\starlette\routing.py:736: in app
    await route.handle(scope, receive, send)
C:\Users\user\AppData\Local\Programs\Python\Python312\Lib\site-packages\starlette\routing.py:290: in handle
    await self.app(scope, receive, send)
C:\Users\user\AppData\Local\Programs\Python\Python312\Lib\site-packages\fastapi\routing.py:130: in app
    await wrap_app_handling_exceptions(app, request)(scope, receive, send)
C:\Users\user\AppData\Local\Programs\Python\Python312\Lib\site-packages\starlette\_exception_handler.py:53: in wrapped_app
    raise exc
C:\Users\user\AppData\Local\Programs\Python\Python312\Lib\site-packages\starlette\_exception_handler.py:42: in wrapped_app
    await app(scope, receive, sender)
C:\Users\user\AppData\Local\Programs\Python\Python312\Lib\site-packages\fastapi\routing.py:116: in app
    response = await f(request)
               ^^^^^^^^^^^^^^^^
C:\Users\user\AppData\Local\Programs\Python\Python312\Lib\site-packages\fastapi\routing.py:670: in app
    raw_response = await run_endpoint_function(
C:\Users\user\AppData\Local\Programs\Python\Python312\Lib\site-packages\fastapi\routing.py:324: in run_endpoint_function
    return await dependant.call(**values)
           ^^^^^^^^^^^^^^^^^^^^^^^^^^^^^^
src\backend\routers\multimedia.py:217: in export_ebook
    await verify_book_ownership(payload.book_id, current_user, AppContainer.db())
src\backend\security\owner_guard.py:62: in verify_book_ownership
    return await _check(session)
           ^^^^^^^^^^^^^^^^^^^^^
src\backend\security\owner_guard.py:41: in _check
    raise NotFoundError(f"çÏïiÇ™å©Ç¬Ç©ÇËÇ‹ÇπÇÒ: {book_id}", resource_type="Book", resource_id=str(book_id))
E   src.core.exceptions.base.NotFoundError: çÏïiÇ™å©Ç¬Ç©ÇËÇ‹ÇπÇÒ: 1
_____________________ test_edge_cases_and_error_handling ______________________
tests\integration\test_p0_multimedia_merge_e2e.py:463: in test_edge_cases_and_error_handling
    res_no_book = client.post(
C:\Users\user\AppData\Local\Programs\Python\Python312\Lib\site-packages\starlette\testclient.py:546: in post
    return super().post(
C:\Users\user\AppData\Local\Programs\Python\Python312\Lib\site-packages\httpx\_client.py:1144: in post
    return self.request(
C:\Users\user\AppData\Local\Programs\Python\Python312\Lib\site-packages\starlette\testclient.py:445: in request
    return super().request(
C:\Users\user\AppData\Local\Programs\Python\Python312\Lib\site-packages\httpx\_client.py:825: in request
    return self.send(request, auth=auth, follow_redirects=follow_redirects)
           ^^^^^^^^^^^^^^^^^^^^^^^^^^^^^^^^^^^^^^^^^^^^^^^^^^^^^^^^^^^^^^^^
C:\Users\user\AppData\Local\Programs\Python\Python312\Lib\site-packages\httpx\_client.py:914: in send
    response = self._send_handling_auth(
C:\Users\user\AppData\Local\Programs\Python\Python312\Lib\site-packages\httpx\_client.py:942: in _send_handling_auth
    response = self._send_handling_redirects(
C:\Users\user\AppData\Local\Programs\Python\Python312\Lib\site-packages\httpx\_client.py:979: in _send_handling_redirects
    response = self._send_single_request(request)
               ^^^^^^^^^^^^^^^^^^^^^^^^^^^^^^^^^^
C:\Users\user\AppData\Local\Programs\Python\Python312\Lib\site-packages\httpx\_client.py:1014: in _send_single_request
    response = transport.handle_request(request)
               ^^^^^^^^^^^^^^^^^^^^^^^^^^^^^^^^^
C:\Users\user\AppData\Local\Programs\Python\Python312\Lib\site-packages\starlette\testclient.py:348: in handle_request
    raise exc
C:\Users\user\AppData\Local\Programs\Python\Python312\Lib\site-packages\starlette\testclient.py:345: in handle_request
    portal.call(self.app, scope, receive, send)
C:\Users\user\AppData\Local\Programs\Python\Python312\Lib\site-packages\anyio\from_thread.py:340: in call
    return cast(T_Retval, self.start_task_soon(func, *args).result())
                          ^^^^^^^^^^^^^^^^^^^^^^^^^^^^^^^^^^^^^^^^^^
C:\Users\user\AppData\Local\Programs\Python\Python312\Lib\concurrent\futures\_base.py:456: in result
    return self.__get_result()
           ^^^^^^^^^^^^^^^^^^^
C:\Users\user\AppData\Local\Programs\Python\Python312\Lib\concurrent\futures\_base.py:401: in __get_result
    raise self._exception
C:\Users\user\AppData\Local\Programs\Python\Python312\Lib\site-packages\anyio\from_thread.py:265: in _call_func
    retval = await retval_or_awaitable
             ^^^^^^^^^^^^^^^^^^^^^^^^^
C:\Users\user\AppData\Local\Programs\Python\Python312\Lib\site-packages\fastapi\applications.py:1160: in __call__
    await super().__call__(scope, receive, send)
C:\Users\user\AppData\Local\Programs\Python\Python312\Lib\site-packages\starlette\applications.py:107: in __call__
    await self.middleware_stack(scope, receive, send)
C:\Users\user\AppData\Local\Programs\Python\Python312\Lib\site-packages\starlette\middleware\errors.py:186: in __call__
    raise exc
C:\Users\user\AppData\Local\Programs\Python\Python312\Lib\site-packages\starlette\middleware\errors.py:164: in __call__
    await self.app(scope, receive, _send)
C:\Users\user\AppData\Local\Programs\Python\Python312\Lib\site-packages\starlette\middleware\exceptions.py:63: in __call__
    await wrap_app_handling_exceptions(self.app, conn)(scope, receive, send)
C:\Users\user\AppData\Local\Programs\Python\Python312\Lib\site-packages\starlette\_exception_handler.py:53: in wrapped_app
    raise exc
C:\Users\user\AppData\Local\Programs\Python\Python312\Lib\site-packages\starlette\_exception_handler.py:42: in wrapped_app
    await app(scope, receive, sender)
C:\Users\user\AppData\Local\Programs\Python\Python312\Lib\site-packages\fastapi\middleware\asyncexitstack.py:18: in __call__
    await self.app(scope, receive, send)
C:\Users\user\AppData\Local\Programs\Python\Python312\Lib\site-packages\starlette\routing.py:716: in __call__
    await self.middleware_stack(scope, receive, send)
C:\Users\user\AppData\Local\Programs\Python\Python312\Lib\site-packages\starlette\routing.py:736: in app
    await route.handle(scope, receive, send)
C:\Users\user\AppData\Local\Programs\Python\Python312\Lib\site-packages\starlette\routing.py:290: in handle
    await self.app(scope, receive, send)
C:\Users\user\AppData\Local\Programs\Python\Python312\Lib\site-packages\fastapi\routing.py:130: in app
    await wrap_app_handling_exceptions(app, request)(scope, receive, send)
C:\Users\user\AppData\Local\Programs\Python\Python312\Lib\site-packages\starlette\_exception_handler.py:53: in wrapped_app
    raise exc
C:\Users\user\AppData\Local\Programs\Python\Python312\Lib\site-packages\starlette\_exception_handler.py:42: in wrapped_app
    await app(scope, receive, sender)
C:\Users\user\AppData\Local\Programs\Python\Python312\Lib\site-packages\fastapi\routing.py:116: in app
    response = await f(request)
               ^^^^^^^^^^^^^^^^
C:\Users\user\AppData\Local\Programs\Python\Python312\Lib\site-packages\fastapi\routing.py:670: in app
    raw_response = await run_endpoint_function(
C:\Users\user\AppData\Local\Programs\Python\Python312\Lib\site-packages\fastapi\routing.py:324: in run_endpoint_function
    return await dependant.call(**values)
           ^^^^^^^^^^^^^^^^^^^^^^^^^^^^^^
src\backend\routers\multimedia.py:178: in generate_media_mix
    await verify_book_ownership(payload.book_id, current_user, AppContainer.db())
src\backend\security\owner_guard.py:62: in verify_book_ownership
    return await _check(session)
           ^^^^^^^^^^^^^^^^^^^^^
src\backend\security\owner_guard.py:41: in _check
    raise NotFoundError(f"çÏïiÇ™å©Ç¬Ç©ÇËÇ‹ÇπÇÒ: {book_id}", resource_type="Book", resource_id=str(book_id))
E   src.core.exceptions.base.NotFoundError: çÏïiÇ™å©Ç¬Ç©ÇËÇ‹ÇπÇÒ: 99999
---------------------------- Captured stdout call -----------------------------
2026-10-08 14:14:32,410 INFO httpx [AutoNovel/testing]: HTTP Request: POST http://testserver/multimedia/media-mix "HTTP/1.1 422 Unprocessable Entity"
------------------------------ Captured log call ------------------------------
INFO     httpx:_client.py:1025 HTTP Request: POST http://testserver/multimedia/media-mix "HTTP/1.1 422 Unprocessable Entity"
_______________________ test_whitespace_rules_are_clean _______________________
tests\regression\test_lint_budget.py:62: in test_whitespace_rules_are_clean
    assert counts.get(code, 0) == 0, (
E   AssertionError: W293 Ç™ 6 åèÇ…çƒî≠ÅièÉêÆå`Ç»ÇÃÇ≈é©ìÆèCê≥â¬î\Åj
E   assert 6 == 0
E    +  where 6 = <built-in method get of dict object at 0x000002B0149ADB00>('W293', 0)
E    +    where <built-in method get of dict object at 0x000002B0149ADB00> = {'F841': 59, 'E741': 17, 'E712': 17, 'F401': 7, ...}.get
________________________ test_get_db_manager_singleton ________________________
tests\unit\backend\test_backend_database_core.py:360: in test_get_db_manager_singleton
    assert m1 is core.get_db_manager()
E   assert <tests.branches.test_e2e_ws.client.<locals>.TestMgr object at 0x000002B01449C1D0> is <tests.branches.test_e2e_ws.client.<locals>.TestMgr object at 0x000002B01449F7A0>
E    +  where <tests.branches.test_e2e_ws.client.<locals>.TestMgr object at 0x000002B01449F7A0> = <function client.<locals>.<lambda> at 0x000002B016FAFBA0>()
E    +    where <function client.<locals>.<lambda> at 0x000002B016FAFBA0> = core.get_db_manager
============================== warnings summary ===============================
C:\Users\user\AppData\Local\Programs\Python\Python312\Lib\site-packages\starlette\testclient.py:45
  C:\Users\user\AppData\Local\Programs\Python\Python312\Lib\site-packages\starlette\testclient.py:45: DeprecationWarning: The anyio.abc.BlockingPortal alias is deprecated, use anyio.from_thread.BlockingPortal instead.
    _PortalFactoryType = Callable[[], AbstractContextManager[anyio.abc.BlockingPortal]]

tests\integration\conftest.py:24
  e:\autonovel\tests\integration\conftest.py:24: DeprecationWarning: testcontainers.postgres is deprecated, use testcontainers.community.postgres instead
    from testcontainers.postgres import PostgresContainer

tests\integration\conftest.py:25
  e:\autonovel\tests\integration\conftest.py:25: DeprecationWarning: testcontainers.redis is deprecated, use testcontainers.community.redis instead
    from testcontainers.redis import RedisContainer

tests\perf\test_performance_regression.py:8
  E:\autonovel\tests\perf\test_performance_regression.py:8: DeprecationWarning: src.services.age_client is deprecated and replaced by Relational Memory. Do not use this module in new code.
    from src.services.age_client import AgeClient

tests\unit\services\test_audit_and_hook_services.py:6
  E:\autonovel\tests\unit\services\test_audit_and_hook_services.py:6: DeprecationWarning: src.services.audit_service is deprecated; use src.services.audit instead
    from src.services.audit_service import AuditService

tests\unit\test_hybrid_retriever.py:8
  E:\autonovel\tests\unit\test_hybrid_retriever.py:8: DeprecationWarning: src.services.hybrid_retriever is deprecated; use src.services.rag instead
    from src.services.hybrid_retriever import HybridRetriever

tests/api/test_easy_mode_security_guards.py: 2 warnings
tests/api/test_real_easy_mode_api.py: 2 warnings
tests/integration/test_hybrid_audit_e2e.py: 2 warnings
tests/integration/test_publishing_export_lifecycle.py: 4 warnings
tests/integration/test_streaming.py: 2 warnings
tests/test_easy_mode_api.py: 2 warnings
tests/test_health.py: 4 warnings
tests/unit/api/test_editor_router.py: 2 warnings
tests/unit/api/test_graph_relational.py: 2 warnings
tests/unit/api/test_marketing_catchphrase_api.py: 6 warnings
tests/unit/api/test_platform_export.py: 8 warnings
tests/unit/api/test_plots_expand_beats.py: 8 warnings
tests/unit/api/test_unified_auditor_endpoint.py: 2 warnings
tests/unit/test_editor_router.py: 4 warnings
tests/unit/test_graphrag.py: 2 warnings
  C:\Users\user\AppData\Local\Programs\Python\Python312\Lib\site-packages\starlette\_exception_handler.py:59: DeprecationWarning: 'HTTP_422_UNPROCESSABLE_ENTITY' is deprecated. Use 'HTTP_422_UNPROCESSABLE_CONTENT' instead.
    response = await handler(conn, exc)

tests/backend/test_database_core.py::TestDatabaseManager::test_get_conn_creates_connection_wrapper
tests/unit/database/test_database_manager.py::test_database_manager_conn_operations
tests/unit/database/test_database_manager.py::test_database_manager_read_conn
  e:\autonovel\src\backend\database\core.py:47: DeprecationWarning: DatabaseManager.get_conn() is deprecated. Use connection() or begin() context managers instead.
    return await func(*args, **kwargs)

tests/backend/test_database_core.py::TestDatabaseManager::test_get_read_conn_returns_same_as_get_conn
  E:\autonovel\tests\backend\test_database_core.py:222: DeprecationWarning: DatabaseManager.get_read_conn() is deprecated. Use connection() instead.
    result = await db_manager.get_read_conn()

tests/backend/test_database_core.py::TestDatabaseManager::test_release_read_conn_calls_close_on_connection
  E:\autonovel\tests\backend\test_database_core.py:234: DeprecationWarning: DatabaseManager.release_read_conn() is deprecated. Use connection() context manager instead.
    await db_manager.release_read_conn(mock_conn)

tests/backend/test_engine.py::TestUltimateHegemonyEngine::test_engine_initialization_with_all_dependencies
  E:\autonovel\tests\backend\test_engine.py:22: DeprecationWarning: UltimateHegemonyEngine is deprecated. Use OrchestratorEngineAdapter or Orchestrator directly.
    engine = UltimateHegemonyEngine(

tests/backend/test_engine.py::TestUltimateHegemonyEngine::test_engine_initialization_with_plot_service_auto_creation
  E:\autonovel\tests\backend\test_engine.py:61: DeprecationWarning: UltimateHegemonyEngine is deprecated. Use OrchestratorEngineAdapter or Orchestrator directly.
    engine = UltimateHegemonyEngine(

tests/backend/test_engine.py::TestUltimateHegemonyEngine::test_engine_initialization_without_plot_service_and_repo
  E:\autonovel\tests\backend\test_engine.py:75: DeprecationWarning: UltimateHegemonyEngine is deprecated. Use OrchestratorEngineAdapter or Orchestrator directly.
    engine = UltimateHegemonyEngine(

tests/backend/test_engine.py::TestUltimateHegemonyEngine::test_legacy_dep_raises_attribute_error_when_not_injected
  E:\autonovel\tests\backend\test_engine.py:86: DeprecationWarning: UltimateHegemonyEngine is deprecated. Use OrchestratorEngineAdapter or Orchestrator directly.
    engine = UltimateHegemonyEngine(api_key="test-key")

tests/backend/test_engine.py::TestUltimateHegemonyEngine::test_legacy_dep_returns_correct_object_when_injected
  E:\autonovel\tests\backend\test_engine.py:94: DeprecationWarning: UltimateHegemonyEngine is deprecated. Use OrchestratorEngineAdapter or Orchestrator directly.
    engine = UltimateHegemonyEngine(

tests/backend/test_engine.py::TestUltimateHegemonyEngine::test_all_legacy_properties_work_when_injected
  E:\autonovel\tests\backend\test_engine.py:121: DeprecationWarning: UltimateHegemonyEngine is deprecated. Use OrchestratorEngineAdapter or Orchestrator directly.
    engine = UltimateHegemonyEngine(api_key="test-key", **mocks)

tests/backend/test_engine.py::TestUltimateHegemonyEngine::test_deprecated_properties_warn_and_return_llm
  E:\autonovel\tests\backend\test_engine.py:142: DeprecationWarning: UltimateHegemonyEngine is deprecated. Use OrchestratorEngineAdapter or Orchestrator directly.
    engine = UltimateHegemonyEngine(api_key="test-key", llm=mock_llm)

tests/backend/test_engine.py::TestUltimateHegemonyEngine::test_logic_validator_returns_validator
  E:\autonovel\tests\backend\test_engine.py:153: DeprecationWarning: UltimateHegemonyEngine is deprecated. Use OrchestratorEngineAdapter or Orchestrator directly.
    engine = UltimateHegemonyEngine(api_key="test-key", validator=mock_validator)

tests/backend/test_engine.py::TestUltimateHegemonyEngine::test_generate_json_returns_llm_generate_json
  E:\autonovel\tests\backend\test_engine.py:161: DeprecationWarning: UltimateHegemonyEngine is deprecated. Use OrchestratorEngineAdapter or Orchestrator directly.
    engine = UltimateHegemonyEngine(api_key="test-key", llm=mock_llm)

tests/backend/test_engine.py::TestUltimateHegemonyEngine::test_dispose_calls_db_engine_dispose_if_exists
  E:\autonovel\tests\backend\test_engine.py:171: DeprecationWarning: UltimateHegemonyEngine is deprecated. Use OrchestratorEngineAdapter or Orchestrator directly.
    engine = UltimateHegemonyEngine(api_key="test-key", db=mock_db)

tests/backend/test_engine.py::TestUltimateHegemonyEngine::test_dispose_does_nothing_if_db_has_no_engine
  E:\autonovel\tests\backend\test_engine.py:181: DeprecationWarning: UltimateHegemonyEngine is deprecated. Use OrchestratorEngineAdapter or Orchestrator directly.
    engine = UltimateHegemonyEngine(api_key="test-key", db=mock_db)

tests/backend/test_engine.py::TestUltimateHegemonyEngine::test_sync_bible_calls_bible_agent
  E:\autonovel\tests\backend\test_engine.py:191: DeprecationWarning: UltimateHegemonyEngine is deprecated. Use OrchestratorEngineAdapter or Orchestrator directly.
    engine = UltimateHegemonyEngine(api_key="test-key", bible_agent=mock_bible_agent)

tests/backend/test_engine.py::TestUltimateHegemonyEngine::test_resolve_bible_setting_calls_repo
  E:\autonovel\tests\backend\test_engine.py:205: DeprecationWarning: UltimateHegemonyEngine is deprecated. Use OrchestratorEngineAdapter or Orchestrator directly.
    engine = UltimateHegemonyEngine(api_key="test-key", repo=mock_repo)

tests/backend/test_engine.py::TestUltimateHegemonyEngine::test_determine_target_tension_calls_plot_service
  E:\autonovel\tests\backend\test_engine.py:217: DeprecationWarning: UltimateHegemonyEngine is deprecated. Use OrchestratorEngineAdapter or Orchestrator directly.
    engine = UltimateHegemonyEngine(api_key="test-key", plot_service=mock_plot_service)

tests/backend/test_engine.py::TestUltimateHegemonyEngine::test_validate_tension_deviation_calls_plot_service
  E:\autonovel\tests\backend\test_engine.py:234: DeprecationWarning: UltimateHegemonyEngine is deprecated. Use OrchestratorEngineAdapter or Orchestrator directly.
    engine = UltimateHegemonyEngine(api_key="test-key", plot_service=mock_plot_service)

tests/backend/test_engine.py::TestUltimateHegemonyEngine::test_reverse_plot_generation_workflow_creates_and_executes_workflow
  E:\autonovel\tests\backend\test_engine.py:257: DeprecationWarning: UltimateHegemonyEngine is deprecated. Use OrchestratorEngineAdapter or Orchestrator directly.
    engine = UltimateHegemonyEngine(

tests/backend/test_engine_simple.py::test_engine_import_and_instantiation
  E:\autonovel\tests\backend\test_engine_simple.py:5: DeprecationWarning: UltimateHegemonyEngine is deprecated. Use OrchestratorEngineAdapter or Orchestrator directly.
    engine = UltimateHegemonyEngine(api_key="test-key")

tests/benchmarks/test_tokenizer_performance.py: 12 warnings
tests/contract/test_compression_output_schema.py: 20 warnings
tests/integration/test_layer1_sudachi_integration.py: 10 warnings
tests/integration/test_pillar3_full_regression.py: 1 warning
tests/integration/test_semantic_rag_compression_e2e.py: 1 warning
tests/performance/test_compression_benchmark.py: 14 warnings
tests/property/test_compression_invariants.py: 160 warnings
tests/regression/test_v5_pipeline_integrity.py: 1 warning
tests/unit/services/compression/test_compression_core.py: 11 warnings
tests/unit/services/compression/test_compression_layers.py: 6 warnings
tests/unit/test_compression_consistency_metrics.py: 1 warning
tests/unit/test_compression_pipeline.py: 2 warnings
tests/unit/test_context_builder_compression.py: 9 warnings
tests/unit/test_four_layer_compression.py: 10 warnings
tests/unit/test_sudachi_tokenizer.py: 13 warnings
  e:\autonovel\src\services\compression\japanese_tokenizer.py:70: DeprecationWarning: Dictionary.create() is deprecated, use Dictionary.tokenizer() instead
    self._tokenizer = dictionary.Dictionary(dict=dict_type).create()

tests/branches/test_e2e_rest.py::test_full_rest_flow
tests/branches/test_e2e_ws.py::test_ws_flow
tests/unit/routers/test_router_branches_comprehensive.py::test_start_play_session
tests/unit/routers/test_router_branches_coverage.py::test_start_play_session_success
  e:\autonovel\src\backend\routers\branches.py:561: DeprecationWarning: datetime.datetime.utcnow() is deprecated and scheduled for removal in a future version. Use timezone-aware objects to represent datetimes in UTC: datetime.datetime.now(datetime.UTC).
    updated_at=datetime.utcnow(),

tests/branches/test_e2e_rest.py::test_full_rest_flow
tests/unit/routers/test_router_branches_comprehensive.py::test_play_save
  e:\autonovel\src\backend\routers\branches.py:663: DeprecationWarning: datetime.datetime.utcnow() is deprecated and scheduled for removal in a future version. Use timezone-aware objects to represent datetimes in UTC: datetime.datetime.now(datetime.UTC).
    "saved_at": datetime.utcnow().isoformat(),

tests/branches/test_e2e_rest.py::test_full_rest_flow
tests/unit/routers/test_router_branches_comprehensive.py::test_play_end
tests/unit/routers/test_router_branches_stats.py::test_play_end
  e:\autonovel\src\backend\routers\branches.py:731: DeprecationWarning: datetime.datetime.utcnow() is deprecated and scheduled for removal in a future version. Use timezone-aware objects to represent datetimes in UTC: datetime.datetime.now(datetime.UTC).
    updated_at=datetime.utcnow(),

tests/branches/test_e2e_rest.py::test_full_rest_flow
tests/branches/test_e2e_rest.py::test_full_rest_flow
  e:\autonovel\src\backend\routers\branches.py:1199: DeprecationWarning: datetime.datetime.utcnow() is deprecated and scheduled for removal in a future version. Use timezone-aware objects to represent datetimes in UTC: datetime.datetime.now(datetime.UTC).
    <meta property="dcterms:modified">{datetime.utcnow().isoformat()}Z</meta>

tests/branches/test_e2e_ws.py::test_ws_flow
  e:\autonovel\src\backend\routers\branches.py:1098: DeprecationWarning: datetime.datetime.utcnow() is deprecated and scheduled for removal in a future version. Use timezone-aware objects to represent datetimes in UTC: datetime.datetime.now(datetime.UTC).
    "saved_at": datetime.utcnow().isoformat(),

tests/contract/test_api_contracts.py: 1 warning
tests/e2e/test_foreshadowing_ensemble_pipeline_e2e.py: 1 warning
tests/e2e/test_full_novel_with_compression.py: 6 warnings
tests/e2e/test_v53_long_form_wiring_e2e.py: 4 warnings
tests/integration/test_40ep_commercial_lifecycle.py: 1 warning
tests/integration/test_reflective_rag_context_builder.py: 4 warnings
tests/integration/test_relational_memory_e2e.py: 3 warnings
tests/integration/test_social_interaction_flow.py: 1 warning
tests/integration/test_v53_long_form_wiring_e2e.py: 6 warnings
tests/integration/test_writing_pipeline_observability.py: 2 warnings
tests/regression/test_v53_long_form_integrity.py: 4 warnings
tests/unit/agents/test_context_builder_coverage.py: 8 warnings
tests/unit/api/test_graph_relational.py: 4 warnings
tests/unit/nlp/test_predicate_analyzer_fallback.py: 2 warnings
tests/unit/nlp/test_predicate_analyzer_mention_only.py: 1 warning
tests/unit/nlp/test_predicate_analyzer_resolved.py: 1 warning
tests/unit/services/nlp/test_nlp_services.py: 9 warnings
tests/unit/services/test_episode_context_session_resolution.py: 1 warning
tests/unit/services/test_foreshadowing_contract_service.py: 2 warnings
tests/unit/services/test_foreshadowing_pipeline.py: 4 warnings
tests/unit/services/test_foreshadowing_service_ensemble.py: 3 warnings
tests/unit/test_context_builder_compression.py: 10 warnings
tests/unit/test_episode_postprocess_session.py: 5 warnings
tests/unit/test_four_layer_compression.py: 1 warning
tests/unit/test_graphrag.py: 1 warning
tests/unit/test_social_interaction.py: 1 warning
  e:\autonovel\src\services\nlp\foreshadowing_predicate_analyzer.py:33: DeprecationWarning: Dictionary.create() is deprecated, use Dictionary.tokenizer() instead
    self._tokenizer = dictionary.Dictionary().create()

tests/contract/test_api_contracts.py::test_openapi_schema_available
  C:\Users\user\AppData\Local\Programs\Python\Python312\Lib\site-packages\fastapi\openapi\utils.py:255: UserWarning: Duplicate Operation ID generate_marketing_api_marketing_generate_post for function generate_marketing at e:\autonovel\src\backend\routers\marketing.py
    warnings.warn(message, stacklevel=1)

tests/contract/test_api_contracts.py::test_openapi_schema_available
  C:\Users\user\AppData\Local\Programs\Python\Python312\Lib\site-packages\fastapi\openapi\utils.py:255: UserWarning: Duplicate Operation ID export_package_post_api_marketing_export_package__book_id__post for function export_package_post at e:\autonovel\src\backend\routers\marketing.py
    warnings.warn(message, stacklevel=1)

tests/contract/test_api_contracts.py::test_openapi_schema_available
  C:\Users\user\AppData\Local\Programs\Python\Python312\Lib\site-packages\fastapi\openapi\utils.py:255: UserWarning: Duplicate Operation ID export_package_get_api_marketing_export_package__book_id__get for function export_package_get at e:\autonovel\src\backend\routers\marketing.py
    warnings.warn(message, stacklevel=1)

tests/contract/test_api_contracts.py::test_openapi_schema_available
  C:\Users\user\AppData\Local\Programs\Python\Python312\Lib\site-packages\fastapi\openapi\utils.py:255: UserWarning: Duplicate Operation ID generate_catchphrases_api_marketing_catchphrases_post for function generate_catchphrases at e:\autonovel\src\backend\routers\marketing.py
    warnings.warn(message, stacklevel=1)

tests/contract/test_api_contracts.py::test_openapi_schema_available
  C:\Users\user\AppData\Local\Programs\Python\Python312\Lib\site-packages\fastapi\openapi\utils.py:255: UserWarning: Duplicate Operation ID get_plots_api_plots__book_id__get for function get_plots at e:\autonovel\src\backend\routers\plots.py
    warnings.warn(message, stacklevel=1)

tests/contract/test_api_contracts.py::test_openapi_schema_available
  C:\Users\user\AppData\Local\Programs\Python\Python312\Lib\site-packages\fastapi\openapi\utils.py:255: UserWarning: Duplicate Operation ID plan_generation_api_plots_plan_generation_post for function plan_generation at e:\autonovel\src\backend\routers\plots.py
    warnings.warn(message, stacklevel=1)

tests/contract/test_api_contracts.py::test_openapi_schema_available
  C:\Users\user\AppData\Local\Programs\Python\Python312\Lib\site-packages\fastapi\openapi\utils.py:255: UserWarning: Duplicate Operation ID expand_plots_api_plots_expand_post for function expand_plots at e:\autonovel\src\backend\routers\plots.py
    warnings.warn(message, stacklevel=1)

tests/contract/test_api_contracts.py::test_openapi_schema_available
  C:\Users\user\AppData\Local\Programs\Python\Python312\Lib\site-packages\fastapi\openapi\utils.py:255: UserWarning: Duplicate Operation ID expand_plots_candidates_api_plots_expand_candidates_post for function expand_plots_candidates at e:\autonovel\src\backend\routers\plots.py
    warnings.warn(message, stacklevel=1)

tests/contract/test_api_contracts.py::test_openapi_schema_available
  C:\Users\user\AppData\Local\Programs\Python\Python312\Lib\site-packages\fastapi\openapi\utils.py:255: UserWarning: Duplicate Operation ID rebuild_plots_api_plots_rebuild_post for function rebuild_plots at e:\autonovel\src\backend\routers\plots.py
    warnings.warn(message, stacklevel=1)

tests/contract/test_api_contracts.py::test_openapi_schema_available
  C:\Users\user\AppData\Local\Programs\Python\Python312\Lib\site-packages\fastapi\openapi\utils.py:255: UserWarning: Duplicate Operation ID audit_plan_api_plots_audit_post for function audit_plan at e:\autonovel\src\backend\routers\plots.py
    warnings.warn(message, stacklevel=1)

tests/contract/test_api_contracts.py::test_openapi_schema_available
  C:\Users\user\AppData\Local\Programs\Python\Python312\Lib\site-packages\fastapi\openapi\utils.py:255: UserWarning: Duplicate Operation ID reverse_generate_plot_api_plots_reverse_generate_post for function reverse_generate_plot at e:\autonovel\src\backend\routers\plots.py
    warnings.warn(message, stacklevel=1)

tests/contract/test_api_contracts.py::test_openapi_schema_available
  C:\Users\user\AppData\Local\Programs\Python\Python312\Lib\site-packages\fastapi\openapi\utils.py:255: UserWarning: Duplicate Operation ID wizard_save_api_plots_wizard_save_post for function wizard_save at e:\autonovel\src\backend\routers\plots.py
    warnings.warn(message, stacklevel=1)

tests/contract/test_api_contracts.py::test_openapi_schema_available
  C:\Users\user\AppData\Local\Programs\Python\Python312\Lib\site-packages\fastapi\openapi\utils.py:255: UserWarning: Duplicate Operation ID expand_commercial_beats_api_plots_expand_beats_post for function expand_commercial_beats at e:\autonovel\src\backend\routers\plots.py
    warnings.warn(message, stacklevel=1)

tests/contract/test_v6_audit_gate_thresholds.py: 50 warnings
tests/contract/test_v6_audit_parallel_equivalence.py: 4 warnings
tests/contract/test_v6_audit_regeneration_budget.py: 1 warning
tests/contract/test_v6_audit_surgical_patch.py: 5 warnings
tests/perf/test_v6_audit_latency_and_regen.py: 7 warnings
tests/perf/test_v6_llm_call_budget.py: 1 warning
tests/test_patch_review_workflow.py: 3 warnings
tests/unit/agents/test_audit_patch_events.py: 5 warnings
tests/unit/services/test_local_polisher_llm_injection.py: 1 warning
tests/unit/test_manifest_pipeline.py: 1 warning
  e:\autonovel\src\agents\audit_agent.py:337: DeprecationWarning: LogicalAuditor is deprecated, use AuditAggregator or AuditAgent instead
    self._logical_auditor = LogicalAuditor(

tests/contract/test_v6_audit_parallel_equivalence.py::test_parallel_and_serial_audit_results_identical
tests/contract/test_v6_audit_parallel_equivalence.py::test_parallel_and_serial_audit_results_identical
tests/perf/test_v6_llm_call_budget.py::TestLlmCallsPerEpisode::test_real_audit_phase_call_count_is_measured
tests/perf/test_v6_llm_call_budget.py::TestLlmCallsPerEpisode::test_real_audit_phase_call_count_is_measured
tests/unit/test_causality_audit.py::TestPlotIntegrityMonitor::test_extract_keywords_returns_entities
tests/unit/test_causality_audit.py::TestPlotIntegrityMonitor::test_check_integrity_with_mock_extraction
tests/unit/test_causality_audit.py::TestPlotIntegrityMonitor::test_check_integrity_with_mock_extraction
  e:\autonovel\src\services\extraction_service.py:144: DeprecationWarning: BaseLLMAdapter is deprecated, use IUnifiedLLMClient instead
    raw_response = self._llm.generate(

tests/e2e/test_v53_long_form_wiring_e2e.py: 4 warnings
tests/integration/test_v53_long_form_wiring_e2e.py: 4 warnings
tests/integration/test_wizard_creation_funnel.py: 22 warnings
tests/regression/test_v53_concurrent_transition.py: 16 warnings
tests/unit/database/test_foreshadowing_repo.py: 29 warnings
tests/unit/database/test_foreshadowing_repo_keywords.py: 39 warnings
tests/unit/database/test_foreshadowing_repo_rejection_reason.py: 8 warnings
tests/unit/services/test_bible_planting_hook.py: 16 warnings
tests/unit/services/test_foreshadowing_planting.py: 32 warnings
tests/unit/test_v5_foreshadowing_promotion_sync.py: 4 warnings
  C:\Users\user\AppData\Local\Programs\Python\Python312\Lib\site-packages\sqlalchemy\sql\schema.py:3627: DeprecationWarning: datetime.datetime.utcnow() is deprecated and scheduled for removal in a future version. Use timezone-aware objects to represent datetimes in UTC: datetime.datetime.now(datetime.UTC).
    return util.wrap_callable(lambda ctx: fn(), fn)  # type: ignore

tests/integration/pipeline/test_emotional_residue_e2e.py: 3 warnings
tests/regression/test_emotional_residue_regression.py: 1 warning
tests/unit/pipeline/test_character_extractor.py: 5 warnings
tests/unit/pipeline/test_compression_pipeline_integration.py: 1 warning
tests/unit/pipeline/test_emotional_residue_extractor.py: 1 warning
tests/unit/pipeline/test_emotional_residue_integration.py: 5 warnings
tests/unit/pipeline/test_nlp_init.py: 1 warning
tests/unit/pipeline/test_signal_extractor.py: 9 warnings
  C:\Users\user\AppData\Local\Programs\Python\Python312\Lib\site-packages\spacy\lang\ja\__init__.py:243: DeprecationWarning: Dictionary.create() is deprecated, use Dictionary.tokenizer() instead
    tok = dictionary.Dictionary().create(mode=split_mode)

tests/integration/test_blind_gacha_flow.py::test_blind_gacha_generation_and_evaluation
  e:\autonovel\src\infrastructure\repositories\easy_mode_draft_repository.py:153: RuntimeWarning: coroutine 'AsyncMockMixin._execute_mock_call' was never awaited
    self.session.add(draft)
  Enable tracemalloc to get traceback where the object was allocated.
  See https://docs.pytest.org/en/stable/how-to/capture-warnings.html#resource-warnings for more info.

tests/integration/test_blind_gacha_flow.py::test_blind_gacha_generation_and_evaluation
  e:\autonovel\src\infrastructure\repositories\easy_mode_draft_repository.py:39: RuntimeWarning: coroutine 'AsyncMockMixin._execute_mock_call' was never awaited
    self.session.add(draft)
  Enable tracemalloc to get traceback where the object was allocated.
  See https://docs.pytest.org/en/stable/how-to/capture-warnings.html#resource-warnings for more info.

tests/integration/test_collab_hybrid.py::test_presence_in_memory_storage
  E:\autonovel\tests\integration\test_collab_hybrid.py:85: DeprecationWarning: datetime.datetime.utcnow() is deprecated and scheduled for removal in a future version. Use timezone-aware objects to represent datetimes in UTC: datetime.datetime.now(datetime.UTC).
    "updated": datetime.utcnow().isoformat()

tests/integration/test_collab_hybrid.py::test_presence_in_memory_storage
  E:\autonovel\tests\integration\test_collab_hybrid.py:98: DeprecationWarning: datetime.datetime.utcnow() is deprecated and scheduled for removal in a future version. Use timezone-aware objects to represent datetimes in UTC: datetime.datetime.now(datetime.UTC).
    "updated": (datetime.utcnow() - timedelta(seconds=60)).isoformat()

tests/integration/test_collab_hybrid.py::test_presence_in_memory_storage
  E:\autonovel\tests\integration\test_collab_hybrid.py:101: DeprecationWarning: datetime.datetime.utcnow() is deprecated and scheduled for removal in a future version. Use timezone-aware objects to represent datetimes in UTC: datetime.datetime.now(datetime.UTC).
    now = datetime.utcnow()

tests/integration/test_dag_replanning_e2e.py::test_dag_replanning_and_localized_retry_e2e
tests/integration/test_pillar4_full_regression.py::test_dag_replanning_downstream_rollback
tests/unit/backend/test_backend_tasks_dag_stack.py::test_replan_node_flow
tests/unit/backend/test_backend_tasks_dag_stack.py::test_replan_node_instantiates_replanner_when_missing
tests/unit/backend/test_backend_tasks_dag_stack.py::test_dag_replanner_plan_local_retry
tests/unit/test_dag_replanning.py::test_plan_local_retry_and_reschedule
tests/unit/test_dag_scheduler_replanning.py::test_scheduler_replan_node_and_execution_flow
tests/unit/test_dag_scheduler_replanning.py::test_scheduler_replan_event_bus_publication
  <string>:9: DeprecationWarning: datetime.datetime.utcnow() is deprecated and scheduled for removal in a future version. Use timezone-aware objects to represent datetimes in UTC: datetime.datetime.now(datetime.UTC).

tests/integration/test_full_pdca_cycle.py::test_full_ab_pdca_cycle
tests/integration/test_full_pdca_cycle.py::test_full_ab_pdca_cycle
tests/integration/test_full_pdca_cycle.py::test_full_ab_pdca_cycle
tests/integration/test_full_pdca_cycle.py::test_full_ab_pdca_cycle
tests/integration/test_full_pdca_cycle.py::test_full_ab_pdca_cycle
  E:\autonovel\tests\integration\test_full_pdca_cycle.py:93: DeprecationWarning: datetime.datetime.utcnow() is deprecated and scheduled for removal in a future version. Use timezone-aware objects to represent datetimes in UTC: datetime.datetime.now(datetime.UTC).
    reader_experience_score=75.0, evaluated_at=datetime.utcnow(),

tests/integration/test_multimedia_e2e.py: 6 warnings
tests/unit/test_commercial_epub_bundle.py: 2 warnings
tests/unit/test_multimedia_real_db.py: 2 warnings
tests/unit/test_multimedia_service.py: 12 warnings
  C:\Users\user\AppData\Local\Programs\Python\Python312\Lib\site-packages\sqlalchemy\engine\default.py:952: DeprecationWarning: The default datetime adapter is deprecated as of Python 3.12; see the sqlite3 documentation for suggested replacement recipes
    cursor.execute(statement, parameters)

tests/integration/test_p0_multimedia_merge_e2e.py::test_branch_fork_merge_commit_e2e
tests/unit/test_branch_merge_commit.py::test_commit_success
  e:\autonovel\src\backend\services\branch_merge_service.py:96: DeprecationWarning: datetime.datetime.utcnow() is deprecated and scheduled for removal in a future version. Use timezone-aware objects to represent datetimes in UTC: datetime.datetime.now(datetime.UTC).
    "committed_at": datetime.utcnow().isoformat(),

tests/integration/test_p0_multimedia_merge_e2e.py::test_branch_fork_merge_commit_e2e
tests/unit/test_branch_merge_commit.py::test_commit_success
  e:\autonovel\src\backend\services\branch_merge_service.py:115: DeprecationWarning: datetime.datetime.utcnow() is deprecated and scheduled for removal in a future version. Use timezone-aware objects to represent datetimes in UTC: datetime.datetime.now(datetime.UTC).
    committed_at=datetime.utcnow().isoformat(),

tests/integration/test_phase1_ux_e2e.py::test_phase1_ux_components
  E:\autonovel\tests\integration\test_phase1_ux_e2e.py:15: DeprecationWarning: datetime.datetime.utcnow() is deprecated and scheduled for removal in a future version. Use timezone-aware objects to represent datetimes in UTC: datetime.datetime.now(datetime.UTC).
    scheduled_at=datetime.utcnow(),

tests/integration/test_pillar3_full_regression.py: 2 warnings
tests/integration/test_reflective_rag_context_builder.py: 3 warnings
tests/integration/test_semantic_rag_compression_e2e.py: 1 warning
tests/unit/services/nlp/test_nlp_services.py: 8 warnings
tests/unit/test_hybrid_retriever.py: 3 warnings
tests/unit/test_japanese_tokenizer.py: 4 warnings
tests/unit/test_query_reformulator.py: 2 warnings
tests/unit/test_reflective_rag.py: 12 warnings
tests/unit/test_reflective_rag_semantic.py: 3 warnings
  e:\autonovel\src\services\nlp\japanese_tokenizer.py:57: DeprecationWarning: Dictionary.create() is deprecated, use Dictionary.tokenizer() instead
    self._sudachi_tokenizer = dictionary.Dictionary().create()

tests/integration/test_promotion_pdca.py::TestPromotionEligibility::test_check_promotion_eligible_eligible
  E:\autonovel\tests\integration\test_promotion_pdca.py:48: DeprecationWarning: datetime.datetime.utcnow() is deprecated and scheduled for removal in a future version. Use timezone-aware objects to represent datetimes in UTC: datetime.datetime.now(datetime.UTC).
    reader_experience_score=80.0, evaluated_at=datetime.utcnow(),

tests/integration/test_promotion_pdca.py::TestPromotionEligibility::test_check_promotion_eligible_eligible
  E:\autonovel\tests\integration\test_promotion_pdca.py:55: DeprecationWarning: datetime.datetime.utcnow() is deprecated and scheduled for removal in a future version. Use timezone-aware objects to represent datetimes in UTC: datetime.datetime.now(datetime.UTC).
    reader_experience_score=85.0, evaluated_at=datetime.utcnow(),

tests/integration/test_promotion_pdca.py::TestPromotionEligibility::test_check_promotion_eligible_eligible
  E:\autonovel\tests\integration\test_promotion_pdca.py:62: DeprecationWarning: datetime.datetime.utcnow() is deprecated and scheduled for removal in a future version. Use timezone-aware objects to represent datetimes in UTC: datetime.datetime.now(datetime.UTC).
    reader_experience_score=90.0, evaluated_at=datetime.utcnow(),

tests/integration/test_promotion_pdca.py::TestPromotionEligibility::test_check_promotion_not_eligible_low_avg
  E:\autonovel\tests\integration\test_promotion_pdca.py:90: DeprecationWarning: datetime.datetime.utcnow() is deprecated and scheduled for removal in a future version. Use timezone-aware objects to represent datetimes in UTC: datetime.datetime.now(datetime.UTC).
    reader_experience_score=70.0, evaluated_at=datetime.utcnow(),

tests/integration/test_promotion_pdca.py::TestPromotionEligibility::test_check_promotion_not_eligible_low_avg
  E:\autonovel\tests\integration\test_promotion_pdca.py:97: DeprecationWarning: datetime.datetime.utcnow() is deprecated and scheduled for removal in a future version. Use timezone-aware objects to represent datetimes in UTC: datetime.datetime.now(datetime.UTC).
    reader_experience_score=72.0, evaluated_at=datetime.utcnow(),

tests/integration/test_promotion_pdca.py::TestPromotionEligibility::test_check_promotion_not_eligible_low_avg
  E:\autonovel\tests\integration\test_promotion_pdca.py:104: DeprecationWarning: datetime.datetime.utcnow() is deprecated and scheduled for removal in a future version. Use timezone-aware objects to represent datetimes in UTC: datetime.datetime.now(datetime.UTC).
    reader_experience_score=75.0, evaluated_at=datetime.utcnow(),

tests/integration/test_promotion_pdca.py::TestPromotionEligibility::test_check_promotion_not_eligible_downward_trend
  E:\autonovel\tests\integration\test_promotion_pdca.py:125: DeprecationWarning: datetime.datetime.utcnow() is deprecated and scheduled for removal in a future version. Use timezone-aware objects to represent datetimes in UTC: datetime.datetime.now(datetime.UTC).
    reader_experience_score=90.0, evaluated_at=datetime.utcnow(),

tests/integration/test_promotion_pdca.py::TestPromotionEligibility::test_check_promotion_not_eligible_downward_trend
  E:\autonovel\tests\integration\test_promotion_pdca.py:132: DeprecationWarning: datetime.datetime.utcnow() is deprecated and scheduled for removal in a future version. Use timezone-aware objects to represent datetimes in UTC: datetime.datetime.now(datetime.UTC).
    reader_experience_score=85.0, evaluated_at=datetime.utcnow(),

tests/integration/test_promotion_pdca.py::TestPromotionEligibility::test_check_promotion_not_eligible_downward_trend
  E:\autonovel\tests\integration\test_promotion_pdca.py:139: DeprecationWarning: datetime.datetime.utcnow() is deprecated and scheduled for removal in a future version. Use timezone-aware objects to represent datetimes in UTC: datetime.datetime.now(datetime.UTC).
    reader_experience_score=80.0, evaluated_at=datetime.utcnow(),

tests/integration/test_promotion_pdca.py::TestPromotionEligibility::test_check_promotion_insufficient_chapters
  E:\autonovel\tests\integration\test_promotion_pdca.py:161: DeprecationWarning: datetime.datetime.utcnow() is deprecated and scheduled for removal in a future version. Use timezone-aware objects to represent datetimes in UTC: datetime.datetime.now(datetime.UTC).
    reader_experience_score=85.0, evaluated_at=datetime.utcnow(),

tests/integration/test_promotion_pdca.py::TestPromotionEligibility::test_check_promotion_insufficient_chapters
  E:\autonovel\tests\integration\test_promotion_pdca.py:168: DeprecationWarning: datetime.datetime.utcnow() is deprecated and scheduled for removal in a future version. Use timezone-aware objects to represent datetimes in UTC: datetime.datetime.now(datetime.UTC).
    reader_experience_score=88.0, evaluated_at=datetime.utcnow(),

tests/integration/test_promotion_pdca.py::TestImprovementPriorities::test_analyze_improvement_priorities
tests/integration/test_promotion_pdca.py::TestImprovementPriorities::test_analyze_improvement_priorities
tests/integration/test_promotion_pdca.py::TestImprovementPriorities::test_analyze_improvement_priorities
  E:\autonovel\tests\integration\test_promotion_pdca.py:195: DeprecationWarning: datetime.datetime.utcnow() is deprecated and scheduled for removal in a future version. Use timezone-aware objects to represent datetimes in UTC: datetime.datetime.now(datetime.UTC).
    evaluated_at=datetime.utcnow(),

tests/integration/test_promotion_pdca.py::TestBookScoreAPI::test_book_score_response_model
  E:\autonovel\tests\integration\test_promotion_pdca.py:243: DeprecationWarning: datetime.datetime.utcnow() is deprecated and scheduled for removal in a future version. Use timezone-aware objects to represent datetimes in UTC: datetime.datetime.now(datetime.UTC).
    reader_experience_score=90.0, evaluated_at=datetime.utcnow(),

tests/integration/test_promotion_pdca.py::TestBookScoreAPI::test_book_score_response_with_trend
  E:\autonovel\tests\integration\test_promotion_pdca.py:271: DeprecationWarning: datetime.datetime.utcnow() is deprecated and scheduled for removal in a future version. Use timezone-aware objects to represent datetimes in UTC: datetime.datetime.now(datetime.UTC).
    reader_experience_score=90.0, evaluated_at=datetime.utcnow(),

tests/integration/test_relational_memory_e2e.py::TestRelationalMemoryE2E::test_foreshadowing_lifecycle_plant_to_resolve
tests/unit/database/test_foreshadowing_repo.py::test_foreshadowing_repo_add
  e:\autonovel\src\infrastructure\repositories\foreshadowing_repo.py:120: RuntimeWarning: coroutine 'AsyncMockMixin._execute_mock_call' was never awaited
    self.db.add(record)
  Enable tracemalloc to get traceback where the object was allocated.
  See https://docs.pytest.org/en/stable/how-to/capture-warnings.html#resource-warnings for more info.

tests/perf/test_v6_audit_failure_rate.py: 20 warnings
  E:\autonovel\tests\perf\test_v6_audit_failure_rate.py:326: DeprecationWarning: LogicalAuditor is deprecated, use AuditAggregator or AuditAgent instead
    logical_auditor = LogicalAuditor(repo=FakeRepo(scene_integrity), llm=llm, pm=pm)

tests/regression/test_tier_quality_gate.py::TestFailingFileParsing::test_parse_one_line[FAILED tests/unit/api/test_x.py::test_a - AssertionError: 1-tests/unit/api/test_x.py]
tests/regression/test_tier_quality_gate.py::TestTierDefinition::test_tier1_paths_exist
  C:\Users\user\AppData\Local\Programs\Python\Python312\Lib\site-packages\_pytest\fixtures.py:1313: PytestRemovedIn10Warning: Class-scoped fixture defined as instance method is deprecated.
  Instance attributes set in this fixture will NOT be visible to test methods,
  as each test gets a new instance while the fixture runs only once per class.
  Use @classmethod decorator and set attributes on cls instead.
  See https://docs.pytest.org/en/stable/deprecations.html#class-scoped-fixture-as-instance-method
    fixturefunc = resolve_fixture_function(fixturedef, request)

tests/test_illustration_router.py::test_illustration_batch_queues_huey_task
  C:\Users\user\AppData\Local\Programs\Python\Python312\Lib\site-packages\_pytest\stash.py:108: RuntimeWarning: coroutine '_run_illustration_batch' was never awaited
    del self._storage[key]
  Enable tracemalloc to get traceback where the object was allocated.
  See https://docs.pytest.org/en/stable/how-to/capture-warnings.html#resource-warnings for more info.

tests/unit/agents/test_audit_agent_deep.py::test_logical_auditor_generate_critic_feedback
  E:\autonovel\tests\unit\agents\test_audit_agent_deep.py:179: DeprecationWarning: LogicalAuditor is deprecated, use AuditAggregator or AuditAgent instead
    auditor_no_pm = LogicalAuditor(pm=None)

tests/unit/agents/test_audit_agent_deep.py::test_logical_auditor_generate_critic_feedback
  E:\autonovel\tests\unit\agents\test_audit_agent_deep.py:192: DeprecationWarning: LogicalAuditor is deprecated, use AuditAggregator or AuditAgent instead
    auditor = LogicalAuditor(pm=pm, generate_json=mock_llm_call)

tests/unit/agents/test_episode_pipeline_no_recursion.py::test_episode_pipeline_with_failures
  e:\autonovel\src\agents\episode_pipeline.py:69: RuntimeWarning: coroutine 'AsyncMockMixin._execute_mock_call' was never awaited
    self.agent.logger.error(f"generate_episodes_pipeline failed at ep {ep}: {e}")
  Enable tracemalloc to get traceback where the object was allocated.
  See https://docs.pytest.org/en/stable/how-to/capture-warnings.html#resource-warnings for more info.

tests/unit/api/test_graph_relational.py::TestGraphRelationalAPI::test_get_graph_data_with_valid_book_id
tests/unit/api/test_graph_relational.py::TestGraphRelationalAPI::test_get_graph_data_with_invalid_book_id
tests/unit/api/test_graph_relational.py::TestGraphRelationalAPI::test_graph_response_schema_validation
tests/unit/api/test_graph_relational.py::TestGraphRelationalAPI::test_graph_data_empty_foreshadowings
  e:\autonovel\src\backend\routers\graph.py:258: RuntimeWarning: coroutine 'AsyncMockMixin._execute_mock_call' was never awaited
    await verify_book_ownership(book_id, current_user, session)
  Enable tracemalloc to get traceback where the object was allocated.
  See https://docs.pytest.org/en/stable/how-to/capture-warnings.html#resource-warnings for more info.

tests/unit/backend/test_backend_auth_and_checkpoints.py: 2 warnings
tests/unit/domain/test_timestamped_schema.py: 11 warnings
  C:\Users\user\AppData\Local\Programs\Python\Python312\Lib\site-packages\pydantic\main.py:263: DeprecationWarning: datetime.datetime.utcnow() is deprecated and scheduled for removal in a future version. Use timezone-aware objects to represent datetimes in UTC: datetime.datetime.now(datetime.UTC).
    validated_self = self.__pydantic_validator__.validate_python(data, self_instance=self)

tests/unit/backend/test_backend_database_core.py::test_database_manager_get_conn_compat_wrapper
  E:\autonovel\tests\unit\backend\test_backend_database_core.py:222: RuntimeWarning: coroutine 'Connection.execute' was never awaited
    conn.execute("SELECT 1")
  Enable tracemalloc to get traceback where the object was allocated.
  See https://docs.pytest.org/en/stable/how-to/capture-warnings.html#resource-warnings for more info.

tests/unit/backend/test_backend_database_core.py::test_database_manager_get_conn_compat_wrapper
  E:\autonovel\tests\unit\backend\test_backend_database_core.py:223: RuntimeWarning: coroutine 'Connection.commit' was never awaited
    conn.commit()
  Enable tracemalloc to get traceback where the object was allocated.
  See https://docs.pytest.org/en/stable/how-to/capture-warnings.html#resource-warnings for more info.

tests/unit/backend/test_backend_database_core.py::test_database_manager_get_conn_compat_wrapper
  E:\autonovel\tests\unit\backend\test_backend_database_core.py:224: RuntimeWarning: coroutine 'Connection.rollback' was never awaited
    conn.rollback()
  Enable tracemalloc to get traceback where the object was allocated.
  See https://docs.pytest.org/en/stable/how-to/capture-warnings.html#resource-warnings for more info.

tests/unit/backend/test_backend_database_core.py::test_database_manager_get_conn_compat_wrapper
  C:\Users\user\AppData\Local\Programs\Python\Python312\Lib\asyncio\events.py:88: RuntimeWarning: coroutine 'Connection.cursor' was never awaited
    self._context.run(self._callback, *self._args)
  Enable tracemalloc to get traceback where the object was allocated.
  See https://docs.pytest.org/en/stable/how-to/capture-warnings.html#resource-warnings for more info.

tests/unit/backend/test_backend_tasks_dag_stack.py::test_dag_replanner_downstream_and_cancel
  C:\Users\user\AppData\Local\Programs\Python\Python312\Lib\site-packages\_pytest\python.py:167: RuntimeWarning: coroutine 'sleep' was never awaited
    result = testfunction(**testargs)
  Enable tracemalloc to get traceback where the object was allocated.
  See https://docs.pytest.org/en/stable/how-to/capture-warnings.html#resource-warnings for more info.

tests/unit/backend/test_writing_langgraph_coverage.py::test_node_prepare_first_run
  C:\Users\user\AppData\Local\Programs\Python\Python312\Lib\unittest\mock.py:2217: RuntimeWarning: coroutine 'test_save_checkpoint_if_needed_sync_and_async.<locals>.coro' was never awaited
    def __init__(self, name, parent):
  Enable tracemalloc to get traceback where the object was allocated.
  See https://docs.pytest.org/en/stable/how-to/capture-warnings.html#resource-warnings for more info.

tests/unit/core/test_container.py::test_legacy_config_container_compatibility
  E:\autonovel\tests\unit\core\test_container.py:31: DeprecationWarning: config.container is deprecated. Please use src.core.container.AppContainer instead.
    from config.container import Container, get_container

tests/unit/database/test_database_manager.py::test_database_manager_conn_operations
  E:\autonovel\tests\unit\database\test_database_manager.py:65: DeprecationWarning: DatabaseManager.release_read_conn() is deprecated. Use connection() context manager instead.
    await mgr.release_read_conn(conn)

tests/unit/database/test_database_manager.py::test_database_manager_read_conn
  E:\autonovel\tests\unit\database\test_database_manager.py:70: DeprecationWarning: DatabaseManager.get_read_conn() is deprecated. Use connection() instead.
    conn = await mgr.get_read_conn()

tests/unit/database/test_database_manager.py::test_database_manager_read_conn
  E:\autonovel\tests\unit\database\test_database_manager.py:72: DeprecationWarning: DatabaseManager.release_read_conn() is deprecated. Use connection() context manager instead.
    await mgr.release_read_conn(conn)

tests/unit/database/test_foreshadowing_repo.py::test_foreshadowing_repo_resolve
  C:\Users\user\AppData\Local\Programs\Python\Python312\Lib\site-packages\_pytest\threadexception.py:58: PytestUnhandledThreadExceptionWarning: Exception in thread Thread-388 (_connection_worker_thread)
  
  Traceback (most recent call last):
    File "C:\Users\user\AppData\Local\Programs\Python\Python312\Lib\site-packages\aiosqlite\core.py", line 66, in _connection_worker_thread
      future.get_loop().call_soon_threadsafe(set_result, future, result)
    File "C:\Users\user\AppData\Local\Programs\Python\Python312\Lib\asyncio\base_events.py", line 844, in call_soon_threadsafe
      self._check_closed()
    File "C:\Users\user\AppData\Local\Programs\Python\Python312\Lib\asyncio\base_events.py", line 545, in _check_closed
      raise RuntimeError('Event loop is closed')
  RuntimeError: Event loop is closed
  
  During handling of the above exception, another exception occurred:
  
  Traceback (most recent call last):
    File "C:\Users\user\AppData\Local\Programs\Python\Python312\Lib\threading.py", line 1075, in _bootstrap_inner
      self.run()
    File "C:\Users\user\AppData\Local\Programs\Python\Python312\Lib\threading.py", line 1012, in run
      self._target(*self._args, **self._kwargs)
    File "C:\Users\user\AppData\Local\Programs\Python\Python312\Lib\site-packages\aiosqlite\core.py", line 75, in _connection_worker_thread
      future.get_loop().call_soon_threadsafe(set_exception, future, e)
    File "C:\Users\user\AppData\Local\Programs\Python\Python312\Lib\asyncio\base_events.py", line 844, in call_soon_threadsafe
      self._check_closed()
    File "C:\Users\user\AppData\Local\Programs\Python\Python312\Lib\asyncio\base_events.py", line 545, in _check_closed
      raise RuntimeError('Event loop is closed')
  RuntimeError: Event loop is closed
  
  Enable tracemalloc to get traceback where the object was allocated.
  See https://docs.pytest.org/en/stable/how-to/capture-warnings.html#resource-warnings for more info.
    warnings.warn(pytest.PytestUnhandledThreadExceptionWarning(msg))

tests/unit/models/test_plot_models_extra.py::TestArcBlueprint::test_get_method
tests/unit/models/test_plot_models_extra.py::TestArcBlueprint::test_get_method
  e:\autonovel\src\models\plot.py:1160: PydanticDeprecatedSince211: Accessing the 'model_fields' attribute on the instance is deprecated. Instead, you should access this attribute from the model class. Deprecated in Pydantic V2.11 to be removed in V3.0.
    if key in self.model_fields:

tests/unit/routers/test_router_branches_comprehensive.py::test_get_playthrough
tests/unit/routers/test_router_branches_stats.py::test_get_playthrough
  e:\autonovel\src\backend\routers\branches.py:757: DeprecationWarning: datetime.datetime.utcnow() is deprecated and scheduled for removal in a future version. Use timezone-aware objects to represent datetimes in UTC: datetime.datetime.now(datetime.UTC).
    saved_at=datetime.utcnow(),

tests/unit/routers/test_router_branches_coverage.py::test_get_play_state_success
  E:\autonovel\tests\unit\routers\test_router_branches_coverage.py:449: DeprecationWarning: datetime.datetime.utcnow() is deprecated and scheduled for removal in a future version. Use timezone-aware objects to represent datetimes in UTC: datetime.datetime.now(datetime.UTC).
    status="active", updated_at=dt.utcnow()))

tests/unit/routers/test_router_branches_coverage.py::test_get_play_state_success
  e:\autonovel\src\backend\routers\branches.py:593: DeprecationWarning: datetime.datetime.utcnow() is deprecated and scheduled for removal in a future version. Use timezone-aware objects to represent datetimes in UTC: datetime.datetime.now(datetime.UTC).
    updated_at=sess.updated_at if isinstance(sess.updated_at, datetime) else datetime.utcnow(),

tests/unit/routers/test_router_branches_coverage.py::test_get_play_state_no_graph
  E:\autonovel\tests\unit\routers\test_router_branches_coverage.py:482: DeprecationWarning: datetime.datetime.utcnow() is deprecated and scheduled for removal in a future version. Use timezone-aware objects to represent datetimes in UTC: datetime.datetime.now(datetime.UTC).
    status=status, updated_at=dt.utcnow())

tests/unit/services/test_bible_service_coverage.py::test_generate_roadmap_retry_then_placeholder
tests/unit/test_marketing_agent.py::test_generate_pack_missing_metadata_key
  C:\Users\user\AppData\Local\Programs\Python\Python312\Lib\unittest\mock.py:2217: RuntimeWarning: coroutine 'AsyncMockMixin._execute_mock_call' was never awaited
    def __init__(self, name, parent):
  Enable tracemalloc to get traceback where the object was allocated.
  See https://docs.pytest.org/en/stable/how-to/capture-warnings.html#resource-warnings for more info.

tests/unit/services/test_bible_service_extended.py::TestSettingDelta::test_records
  C:\Users\user\AppData\Local\Programs\Python\Python312\Lib\unittest\mock.py:404: RuntimeWarning: coroutine 'AsyncMockMixin._execute_mock_call' was never awaited
    def __init__(self, /, *args, **kwargs):
  Enable tracemalloc to get traceback where the object was allocated.
  See https://docs.pytest.org/en/stable/how-to/capture-warnings.html#resource-warnings for more info.

tests/unit/services/test_book_score_calculator.py::TestBookScoreCalculatorSaveAndGet::test_save_score_with_repo
tests/unit/services/test_book_score_calculator_coverage.py::test_calculate_full_flow_with_repository
tests/unit/services/test_book_score_service_branches.py::TestCalculate::test_calculate_neutral_on_factual_failure
tests/unit/services/test_book_score_service_branches.py::TestCalculate::test_calculate_saves_when_repo
tests/unit/services/test_book_score_service_branches.py::TestPersistence::test_save_with_repo
tests/unit/services/test_book_score_service_deep.py::test_save_score_executes_repo
tests/unit/test_book_score_service.py::TestBookScoreCalculatorSaveAndGet::test_save_score_with_repo
tests/unit/test_unified_book_score.py::test_save_score_includes_specialist_breakdown
  e:\autonovel\src\services\book_score_service.py:283: DeprecationWarning: datetime.datetime.utcnow() is deprecated and scheduled for removal in a future version. Use timezone-aware objects to represent datetimes in UTC: datetime.datetime.now(datetime.UTC).
    evaluated_at=datetime.utcnow(),

tests/unit/services/test_rolling_context.py::TestEpisodeDigestService::test_episode_digest_repository_save_and_get
  e:\autonovel\src\services\context_compression\digest_service.py:157: RuntimeWarning: coroutine 'AsyncMockMixin._execute_mock_call' was never awaited
    self.db.add(record)
  Enable tracemalloc to get traceback where the object was allocated.
  See https://docs.pytest.org/en/stable/how-to/capture-warnings.html#resource-warnings for more info.

tests/unit/test_arbitrator_adapters.py::test_adapters_execution
  C:\Users\user\AppData\Local\Programs\Python\Python312\Lib\site-packages\yaml\scanner.py:121: RuntimeWarning: coroutine 'AsyncMockMixin._execute_mock_call' was never awaited
    if isinstance(self.tokens[0], choice):
  Enable tracemalloc to get traceback where the object was allocated.
  See https://docs.pytest.org/en/stable/how-to/capture-warnings.html#resource-warnings for more info.

tests/unit/test_book_score_api.py::test_get_chapter_book_score_success
tests/unit/test_book_score_api.py::test_get_chapter_book_score_not_found
  e:\autonovel\src\backend\routers\novel.py:154: RuntimeWarning: coroutine 'AsyncMockMixin._execute_mock_call' was never awaited
    await verify_book_ownership(book_id, current_user, uow)
  Enable tracemalloc to get traceback where the object was allocated.
  See https://docs.pytest.org/en/stable/how-to/capture-warnings.html#resource-warnings for more info.

tests/unit/test_book_score_api.py::test_get_book_score_history_success
  e:\autonovel\src\backend\routers\books.py:58: RuntimeWarning: coroutine 'AsyncMockMixin._execute_mock_call' was never awaited
    await verify_book_ownership(book_id, current_user, uow)
  Enable tracemalloc to get traceback where the object was allocated.
  See https://docs.pytest.org/en/stable/how-to/capture-warnings.html#resource-warnings for more info.

tests/unit/test_book_score_api.py::test_get_pdca_cycles_success
  e:\autonovel\src\backend\routers\books.py:71: RuntimeWarning: coroutine 'AsyncMockMixin._execute_mock_call' was never awaited
    await verify_book_ownership(book_id, current_user, uow)
  Enable tracemalloc to get traceback where the object was allocated.
  See https://docs.pytest.org/en/stable/how-to/capture-warnings.html#resource-warnings for more info.

tests/unit/test_deprecation_delegation.py::test_context_manager_delegation
  E:\autonovel\tests\unit\test_deprecation_delegation.py:21: DeprecationWarning: ContextManager is deprecated, use ContextBuilderAgent instead
    cm = ContextManager(repo=repo)

tests/unit/test_easy_mode_router.py::test_execute_generation
  e:\autonovel\src\backend\routers\easy_mode.py:227: RuntimeWarning: coroutine 'GraphPipelineService.process_chapter_knowledge' was never awaited
    graph_pipeline_service.process_chapter_knowledge(
  Enable tracemalloc to get traceback where the object was allocated.
  See https://docs.pytest.org/en/stable/how-to/capture-warnings.html#resource-warnings for more info.

tests/unit/test_error_handlers.py::test_validation_exception_handler
tests/unit/test_error_handlers.py::test_validation_exception_handler
  E:\autonovel\tests\unit\test_error_handlers.py:54: DeprecationWarning: 'HTTP_422_UNPROCESSABLE_ENTITY' is deprecated. Use 'HTTP_422_UNPROCESSABLE_CONTENT' instead.
    response = await validation_exception_handler(dummy_request, exc)

tests/unit/test_graphrag.py::test_mock_adapter_structured_outputs
  E:\autonovel\tests\unit\test_graphrag.py:397: DeprecationWarning: BaseLLMAdapter is deprecated, use IUnifiedLLMClient instead
    resp = adapter.generate("ÉeÉXÉg", response_format={"type": "json_schema"})

tests/unit/test_marketing_agent.py::test_post_export_package_endpoint
  C:\Users\user\AppData\Local\Programs\Python\Python312\Lib\site-packages\sqlalchemy\engine\result.py:525: RuntimeWarning: coroutine 'AsyncMockMixin._execute_mock_call' was never awaited
    return _make_row_orig(fixed_tf(row))
  Enable tracemalloc to get traceback where the object was allocated.
  See https://docs.pytest.org/en/stable/how-to/capture-warnings.html#resource-warnings for more info.

tests/unit/test_multimedia_real_db.py::test_empty_book_raises_no_chapters_found
tests/unit/test_multimedia_real_db.py::test_empty_book_raises_no_chapters_found
tests/unit/test_multimedia_real_db.py::test_empty_book_router_returns_422
tests/unit/test_series_loader.py::test_load_series_no_chapters_raises
  e:\autonovel\src\backend\database\series_loader.py:200: DeprecationWarning: 'HTTP_422_UNPROCESSABLE_ENTITY' is deprecated. Use 'HTTP_422_UNPROCESSABLE_CONTENT' instead.
    raise NoChaptersFoundError(f"No chapters found for book {config.book_id}")

tests/unit/test_p4_async_and_db_concurrency.py::TestTasksRouterAsyncRedis::test_get_task_status_uses_async_redis
  C:\Users\user\AppData\Local\Programs\Python\Python312\Lib\site-packages\sqlalchemy\util\langhelpers.py:1406: RuntimeWarning: coroutine 'AsyncMockMixin._execute_mock_call' was never awaited
    kw.update(
  Enable tracemalloc to get traceback where the object was allocated.
  See https://docs.pytest.org/en/stable/how-to/capture-warnings.html#resource-warnings for more info.

tests/unit/test_p4_async_and_db_concurrency.py::TestTasksRouterAsyncRedis::test_stop_task_uses_async_redis
  e:\autonovel\tests\unit\test_p4_async_and_db_concurrency.py:227: RuntimeWarning: coroutine 'AsyncMockMixin._execute_mock_call' was never awaited
    pass  # DBÉGÉâÅ[ÇÕñ≥éã
  Enable tracemalloc to get traceback where the object was allocated.
  See https://docs.pytest.org/en/stable/how-to/capture-warnings.html#resource-warnings for more info.

tests/unit/test_redis_cache.py::TestRedisCacheService::test_mset
  e:\autonovel\src\services\redis_cache.py:257: RuntimeWarning: coroutine 'AsyncMockMixin._execute_mock_call' was never awaited
    pipe.set(full_key, serialized, ex=ttl)
  Enable tracemalloc to get traceback where the object was allocated.
  See https://docs.pytest.org/en/stable/how-to/capture-warnings.html#resource-warnings for more info.

tests/unit/test_state_and_resilience.py::TestResilience::test_check_gemini_success
  e:\autonovel\src\services\resilience.py:68: FutureWarning: 
  
  All support for the `google.generativeai` package has ended. It will no longer be receiving 
  updates or bug fixes. Please switch to the `google.genai` package as soon as possible.
  See README for more details:
  
  https://github.com/google-gemini/deprecated-generative-ai-python/blob/main/README.md
  
    import google.generativeai as genai

tests/unit/test_worker_recovery.py::TestWorkerRecoveryManager::test_log_task_start
tests/unit/test_worker_recovery.py::TestWorkerRecoveryManagerIntegration::test_full_recovery_cycle
  e:\autonovel\src\backend\tasks\worker_recovery.py:223: RuntimeWarning: coroutine 'AsyncMockMixin._execute_mock_call' was never awaited
    session.add(log)
  Enable tracemalloc to get traceback where the object was allocated.
  See https://docs.pytest.org/en/stable/how-to/capture-warnings.html#resource-warnings for more info.

-- Docs: https://docs.pytest.org/en/stable/how-to/capture-warnings.html
=========================== short test summary info ===========================
FAILED tests/integration/test_p0_multimedia_merge_e2e.py::test_p0_harness_initialization
FAILED tests/integration/test_p0_multimedia_merge_e2e.py::test_real_db_multimedia_generation_e2e
FAILED tests/integration/test_p0_multimedia_merge_e2e.py::test_illustrated_commercial_epub_e2e
FAILED tests/integration/test_p0_multimedia_merge_e2e.py::test_edge_cases_and_error_handling
FAILED tests/regression/test_lint_budget.py::test_whitespace_rules_are_clean
FAILED tests/unit/backend/test_backend_database_core.py::test_get_db_manager_singleton
= 6 failed, 9634 passed, 86 skipped, 1 xfailed, 942 warnings in 728.36s (0:12:08) =
